Component: ARM Compiler 5.06 update 5 (build 528) Tool: armlink [4d35e2]

==============================================================================

Section Cross References

    startup_stm32f407xx.o(STACK) refers (Special) to heapauxi.o(.text) for __use_two_region_memory
    startup_stm32f407xx.o(HEAP) refers (Special) to heapauxi.o(.text) for __use_two_region_memory
    startup_stm32f407xx.o(RESET) refers (Special) to heapauxi.o(.text) for __use_two_region_memory
    startup_stm32f407xx.o(RESET) refers to startup_stm32f407xx.o(STACK) for __initial_sp
    startup_stm32f407xx.o(RESET) refers to startup_stm32f407xx.o(.text) for Reset_Handler
    startup_stm32f407xx.o(RESET) refers to stm32f4xx_it.o(i.NMI_Handler) for NMI_Handler
    startup_stm32f407xx.o(RESET) refers to stm32f4xx_it.o(i.HardFault_Handler) for HardFault_Handler
    startup_stm32f407xx.o(RESET) refers to stm32f4xx_it.o(i.MemManage_Handler) for MemManage_Handler
    startup_stm32f407xx.o(RESET) refers to stm32f4xx_it.o(i.BusFault_Handler) for BusFault_Handler
    startup_stm32f407xx.o(RESET) refers to stm32f4xx_it.o(i.UsageFault_Handler) for UsageFault_Handler
    startup_stm32f407xx.o(RESET) refers to port.o(.emb_text) for SVC_Handler
    startup_stm32f407xx.o(RESET) refers to stm32f4xx_it.o(i.DebugMon_Handler) for DebugMon_Handler
    startup_stm32f407xx.o(RESET) refers to port.o(i.SysTick_Handler) for SysTick_Handler
    startup_stm32f407xx.o(RESET) refers to stm32f4xx_it.o(i.EXTI0_IRQHandler) for EXTI0_IRQHandler
    startup_stm32f407xx.o(RESET) refers to stm32f4xx_it.o(i.EXTI3_IRQHandler) for EXTI3_IRQHandler
    startup_stm32f407xx.o(RESET) refers to stm32f4xx_it.o(i.EXTI4_IRQHandler) for EXTI4_IRQHandler
    startup_stm32f407xx.o(RESET) refers to stm32f4xx_it.o(i.DMA1_Stream1_IRQHandler) for DMA1_Stream1_IRQHandler
    startup_stm32f407xx.o(RESET) refers to stm32f4xx_it.o(i.CAN1_RX0_IRQHandler) for CAN1_RX0_IRQHandler
    startup_stm32f407xx.o(RESET) refers to stm32f4xx_it.o(i.EXTI9_5_IRQHandler) for EXTI9_5_IRQHandler
    startup_stm32f407xx.o(RESET) refers to stm32f4xx_it.o(i.TIM1_UP_TIM10_IRQHandler) for TIM1_UP_TIM10_IRQHandler
    startup_stm32f407xx.o(RESET) refers to ins_task.o(i.DMA2_Stream2_IRQHandler) for DMA2_Stream2_IRQHandler
    startup_stm32f407xx.o(RESET) refers to stm32f4xx_it.o(i.DMA2_Stream3_IRQHandler) for DMA2_Stream3_IRQHandler
    startup_stm32f407xx.o(RESET) refers to stm32f4xx_it.o(i.CAN2_RX0_IRQHandler) for CAN2_RX0_IRQHandler
    startup_stm32f407xx.o(RESET) refers to stm32f4xx_it.o(i.OTG_FS_IRQHandler) for OTG_FS_IRQHandler
    startup_stm32f407xx.o(.text) refers (Special) to heapauxi.o(.text) for __use_two_region_memory
    startup_stm32f407xx.o(.text) refers to system_stm32f4xx.o(i.SystemInit) for SystemInit
    startup_stm32f407xx.o(.text) refers to __main.o(!!!main) for __main
    startup_stm32f407xx.o(.text) refers to startup_stm32f407xx.o(HEAP) for Heap_Mem
    startup_stm32f407xx.o(.text) refers to startup_stm32f407xx.o(STACK) for Stack_Mem
    main.o(i.HAL_TIM_PeriodElapsedCallback) refers to stm32f4xx_hal.o(i.HAL_IncTick) for HAL_IncTick
    main.o(i.SystemClock_Config) refers to rt_memclr_w.o(.text) for __aeabi_memclr4
    main.o(i.SystemClock_Config) refers to stm32f4xx_hal_rcc.o(i.HAL_RCC_OscConfig) for HAL_RCC_OscConfig
    main.o(i.SystemClock_Config) refers to main.o(i.Error_Handler) for Error_Handler
    main.o(i.SystemClock_Config) refers to stm32f4xx_hal_rcc.o(i.HAL_RCC_ClockConfig) for HAL_RCC_ClockConfig
    main.o(i.main) refers to stm32f4xx_hal.o(i.HAL_Init) for HAL_Init
    main.o(i.main) refers to main.o(i.SystemClock_Config) for SystemClock_Config
    main.o(i.main) refers to gpio.o(i.MX_GPIO_Init) for MX_GPIO_Init
    main.o(i.main) refers to dma.o(i.MX_DMA_Init) for MX_DMA_Init
    main.o(i.main) refers to spi.o(i.MX_SPI1_Init) for MX_SPI1_Init
    main.o(i.main) refers to tim.o(i.MX_TIM10_Init) for MX_TIM10_Init
    main.o(i.main) refers to i2c.o(i.MX_I2C3_Init) for MX_I2C3_Init
    main.o(i.main) refers to can.o(i.MX_CAN1_Init) for MX_CAN1_Init
    main.o(i.main) refers to can.o(i.MX_CAN2_Init) for MX_CAN2_Init
    main.o(i.main) refers to usart.o(i.MX_USART3_UART_Init) for MX_USART3_UART_Init
    main.o(i.main) refers to bsp_delay.o(i.delay_init) for delay_init
    main.o(i.main) refers to bsp_usb.o(i.usb_init) for usb_init
    main.o(i.main) refers to freertos.o(i.MX_FREERTOS_Init) for MX_FREERTOS_Init
    main.o(i.main) refers to cmsis_os.o(i.osKernelStart) for osKernelStart
    gpio.o(i.MX_GPIO_Init) refers to rt_memclr_w.o(.text) for __aeabi_memclr4
    gpio.o(i.MX_GPIO_Init) refers to stm32f4xx_hal_gpio.o(i.HAL_GPIO_WritePin) for HAL_GPIO_WritePin
    gpio.o(i.MX_GPIO_Init) refers to stm32f4xx_hal_gpio.o(i.HAL_GPIO_Init) for HAL_GPIO_Init
    gpio.o(i.MX_GPIO_Init) refers to stm32f4xx_hal_cortex.o(i.HAL_NVIC_SetPriority) for HAL_NVIC_SetPriority
    gpio.o(i.MX_GPIO_Init) refers to stm32f4xx_hal_cortex.o(i.HAL_NVIC_EnableIRQ) for HAL_NVIC_EnableIRQ
[...]
    USBD_LL_SetUSBAddress                    0x0800a631   Thumb Code    38  usbd_conf.o(i.USBD_LL_SetUSBAddress)
    USBD_LL_SetupStage                       0x0800a657   Thumb Code   110  usbd_core.o(i.USBD_LL_SetupStage)
    USBD_LL_StallEP                          0x0800a6c5   Thumb Code    38  usbd_conf.o(i.USBD_LL_StallEP)
    USBD_LL_Start                            0x0800a6eb   Thumb Code    30  usbd_conf.o(i.USBD_LL_Start)
    USBD_LL_Suspend                          0x0800a709   Thumb Code    20  usbd_core.o(i.USBD_LL_Suspend)
    USBD_LL_Transmit                         0x0800a71d   Thumb Code    48  usbd_conf.o(i.USBD_LL_Transmit)
    USBD_ParseSetupRequest                   0x0800a74d   Thumb Code    40  usbd_ctlreq.o(i.USBD_ParseSetupRequest)
    USBD_RegisterClass                       0x0800a775   Thumb Code    16  usbd_core.o(i.USBD_RegisterClass)
    USBD_RunTestMode                         0x0800a785   Thumb Code     6  usbd_core.o(i.USBD_RunTestMode)
    USBD_SetClassConfig                      0x0800a7e5   Thumb Code    34  usbd_core.o(i.USBD_SetClassConfig)
    USBD_Start                               0x0800a909   Thumb Code    14  usbd_core.o(i.USBD_Start)
    USBD_StdDevReq                           0x0800a917   Thumb Code   162  usbd_ctlreq.o(i.USBD_StdDevReq)
    USBD_StdEPReq                            0x0800a9b9   Thumb Code   568  usbd_ctlreq.o(i.USBD_StdEPReq)
    USBD_StdItfReq                           0x0800abf1   Thumb Code   126  usbd_ctlreq.o(i.USBD_StdItfReq)
    USBD_static_free                         0x0800ac6f   Thumb Code     2  usbd_conf.o(i.USBD_static_free)
    USBD_static_malloc                       0x0800ac71   Thumb Code     6  usbd_conf.o(i.USBD_static_malloc)
    USB_ActivateEndpoint                     0x0800ac7d   Thumb Code   202  stm32f4xx_ll_usb.o(i.USB_ActivateEndpoint)
    USB_ActivateSetup                        0x0800ad4d   Thumb Code    70  stm32f4xx_ll_usb.o(i.USB_ActivateSetup)
    USB_CoreInit                             0x0800ad95   Thumb Code   128  stm32f4xx_ll_usb.o(i.USB_CoreInit)
    USB_DeactivateEndpoint                   0x0800ae65   Thumb Code   182  stm32f4xx_ll_usb.o(i.USB_DeactivateEndpoint)
    USB_DevConnect                           0x0800af29   Thumb Code    32  stm32f4xx_ll_usb.o(i.USB_DevConnect)
    USB_DevDisconnect                        0x0800af49   Thumb Code    32  stm32f4xx_ll_usb.o(i.USB_DevDisconnect)
    USB_DevInit                              0x0800af69   Thumb Code   482  stm32f4xx_ll_usb.o(i.USB_DevInit)
    USB_DisableGlobalInt                     0x0800b15d   Thumb Code    14  stm32f4xx_ll_usb.o(i.USB_DisableGlobalInt)
    USB_EP0StartXfer                         0x0800b16d   Thumb Code   468  stm32f4xx_ll_usb.o(i.USB_EP0StartXfer)
    USB_EP0_OutStart                         0x0800b345   Thumb Code   106  stm32f4xx_ll_usb.o(i.USB_EP0_OutStart)
    USB_EPClearStall                         0x0800b3b5   Thumb Code   142  stm32f4xx_ll_usb.o(i.USB_EPClearStall)
    USB_EPSetStall                           0x0800b443   Thumb Code   154  stm32f4xx_ll_usb.o(i.USB_EPSetStall)
    USB_EPStartXfer                          0x0800b4dd   Thumb Code   832  stm32f4xx_ll_usb.o(i.USB_EPStartXfer)
    USB_EnableGlobalInt                      0x0800b821   Thumb Code    14  stm32f4xx_ll_usb.o(i.USB_EnableGlobalInt)
    USB_FlushRxFifo                          0x0800b831   Thumb Code    38  stm32f4xx_ll_usb.o(i.USB_FlushRxFifo)
    USB_FlushTxFifo                          0x0800b85d   Thumb Code    44  stm32f4xx_ll_usb.o(i.USB_FlushTxFifo)
    USB_GetDevSpeed                          0x0800b88d   Thumb Code    38  stm32f4xx_ll_usb.o(i.USB_GetDevSpeed)
    USB_GetMode                              0x0800b8b3   Thumb Code    10  stm32f4xx_ll_usb.o(i.USB_GetMode)
    USB_ReadDevAllInEpInterrupt              0x0800b8bd   Thumb Code    20  stm32f4xx_ll_usb.o(i.USB_ReadDevAllInEpInterrupt)
    USB_ReadDevAllOutEpInterrupt             0x0800b8d1   Thumb Code    20  stm32f4xx_ll_usb.o(i.USB_ReadDevAllOutEpInterrupt)
    USB_ReadDevInEPInterrupt                 0x0800b8e5   Thumb Code    50  stm32f4xx_ll_usb.o(i.USB_ReadDevInEPInterrupt)
    USB_ReadDevOutEPInterrupt                0x0800b917   Thumb Code    26  stm32f4xx_ll_usb.o(i.USB_ReadDevOutEPInterrupt)
    USB_ReadInterrupts                       0x0800b931   Thumb Code    10  stm32f4xx_ll_usb.o(i.USB_ReadInterrupts)
    USB_ReadPacket                           0x0800b93b   Thumb Code    34  stm32f4xx_ll_usb.o(i.USB_ReadPacket)
    USB_SetCurrentMode                       0x0800b95d   Thumb Code    54  stm32f4xx_ll_usb.o(i.USB_SetCurrentMode)
    USB_SetDevAddress                        0x0800b993   Thumb Code    42  stm32f4xx_ll_usb.o(i.USB_SetDevAddress)
    USB_SetDevSpeed                          0x0800b9bd   Thumb Code    18  stm32f4xx_ll_usb.o(i.USB_SetDevSpeed)
    USB_SetTurnaroundTime                    0x0800b9d1   Thumb Code   192  stm32f4xx_ll_usb.o(i.USB_SetTurnaroundTime)
    USB_WritePacket                          0x0800bab9   Thumb Code    60  stm32f4xx_ll_usb.o(i.USB_WritePacket)
    UsageFault_Handler                       0x0800baf5   Thumb Code     4  stm32f4xx_it.o(i.UsageFault_Handler)
    __ARM_fpclassifyf                        0x0800baf9   Thumb Code    38  fpclassifyf.o(i.__ARM_fpclassifyf)
    __hardfp_asinf                           0x0800bb59   Thumb Code   258  asinf.o(i.__hardfp_asinf)
    __hardfp_atan2f                          0x0800bc85   Thumb Code   502  atan2f.o(i.__hardfp_atan2f)
    __hardfp_sinf                            0x0800bed5   Thumb Code   344  sinf.o(i.__hardfp_sinf)
    __hardfp_sqrtf                           0x0800c065   Thumb Code    58  sqrtf_full.o(i.__hardfp_sqrtf)
    __mathlib_flt_infnan                     0x0800c09f   Thumb Code     6  funder.o(i.__mathlib_flt_infnan)
    __mathlib_flt_infnan2                    0x0800c0a5   Thumb Code     6  funder.o(i.__mathlib_flt_infnan2)
    __mathlib_flt_invalid                    0x0800c0ad   Thumb Code    10  funder.o(i.__mathlib_flt_invalid)
    __mathlib_flt_underflow                  0x0800c0bd   Thumb Code    10  funder.o(i.__mathlib_flt_underflow)
    __mathlib_rredf2                         0x0800c0cd   Thumb Code   316  rredf.o(i.__mathlib_rredf2)
    bmi088_accel_init                        0x0800c6e9   Thumb Code   302  bmi088driver.o(i.bmi088_accel_init)
    bmi088_accel_self_test                   0x0800c81d   Thumb Code   760  bmi088driver.o(i.bmi088_accel_self_test)
    bmi088_gyro_init                         0x0800cb19   Thumb Code   238  bmi088driver.o(i.bmi088_gyro_init)
    bmi088_gyro_self_test                    0x0800cc0d   Thumb Code   208  bmi088driver.o(i.bmi088_gyro_self_test)
    can_filter_init                          0x0800ccdd   Thumb Code    84  bsp_can.o(i.can_filter_init)
    can_motorTask04                          0x0800cd39   Thumb Code    92  can_motor.o(i.can_motorTask04)
    delay_init                               0x0800cdb5   Thumb Code    32  bsp_delay.o(i.delay_init)
    delay_us                                 0x0800cde5   Thumb Code    76  bsp_delay.o(i.delay_us)
    get_angle                                0x0800ce35   Thumb Code   232  ahrs.o(i.get_angle)
    imu_cmd_spi_dma                          0x0800d049   Thumb Code   374  ins_task.o(i.imu_cmd_spi_dma)
    ist8310_GPIO_init                        0x0800d1f1   Thumb Code     2  ist8310driver_middleware.o(i.ist8310_GPIO_init)
    ist8310_IIC_read_single_reg              0x0800d1f5   Thumb Code    36  ist8310driver_middleware.o(i.ist8310_IIC_read_single_reg)
    ist8310_IIC_write_single_reg             0x0800d21d   Thumb Code    34  ist8310driver_middleware.o(i.ist8310_IIC_write_single_reg)
    ist8310_RST_H                            0x0800d245   Thumb Code    14  ist8310driver_middleware.o(i.ist8310_RST_H)
    ist8310_RST_L                            0x0800d259   Thumb Code    14  ist8310driver_middleware.o(i.ist8310_RST_L)
    ist8310_com_init                         0x0800d26d   Thumb Code     2  ist8310driver_middleware.o(i.ist8310_com_init)
    ist8310_delay_ms                         0x0800d26f   Thumb Code    12  ist8310driver_middleware.o(i.ist8310_delay_ms)
    ist8310_init                             0x0800d27d   Thumb Code   142  ist8310driver.o(i.ist8310_init)
    main                                     0x0800d311   Thumb Code    60  main.o(i.main)
    motorData_Init                           0x0800d35b   Thumb Code    18  can_motor.o(i.motorData_Init)
    osDelay                                  0x0800d36d   Thumb Code    24  cmsis_os.o(i.osDelay)
    osKernelStart                            0x0800d385   Thumb Code    10  cmsis_os.o(i.osKernelStart)
    osMessageCreate                          0x0800d38f   Thumb Code    40  cmsis_os.o(i.osMessageCreate)
    osThreadCreate                           0x0800d3b7   Thumb Code    94  cmsis_os.o(i.osThreadCreate)
    pcTaskGetName                            0x0800d415   Thumb Code    44  tasks.o(i.pcTaskGetName)
    pvPortMalloc                             0x0800d99d   Thumb Code   296  heap_4.o(i.pvPortMalloc)
    pxPortInitialiseStack                    0x0800dad9   Thumb Code    38  port.o(i.pxPortInitialiseStack)
    sin_wave                                 0x0800db89   Thumb Code   118  can_motor.o(i.sin_wave)
    sqrtf                                    0x0800dc15   Thumb Code    62  sqrtf_full.o(i.sqrtf)
    ulTaskNotifyTake                         0x0800dc55   Thumb Code   108  tasks.o(i.ulTaskNotifyTake)
    usbTask01                                0x0800dd45   Thumb Code   150  can_motor.o(i.usbTask01)
    usb_data_send                            0x0800dded   Thumb Code    16  bsp_usb.o(i.usb_data_send)
    usb_init                                 0x0800ddfd   Thumb Code    20  bsp_usb.o(i.usb_init)
    uxListRemove                             0x0800de15   Thumb Code    40  list.o(i.uxListRemove)
    vApplicationGetIdleTaskMemory            0x0800de3d   Thumb Code    14  freertos.o(i.vApplicationGetIdleTaskMemory)
    vListInitialise                          0x0800de55   Thumb Code    26  list.o(i.vListInitialise)
    vListInitialiseItem                      0x0800de6f   Thumb Code     6  list.o(i.vListInitialiseItem)
    vListInsert                              0x0800de75   Thumb Code    52  list.o(i.vListInsert)
    vListInsertEnd                           0x0800dea9   Thumb Code    24  list.o(i.vListInsertEnd)
    vPortEnterCritical                       0x0800dec1   Thumb Code    76  port.o(i.vPortEnterCritical)
    vPortExitCritical                        0x0800df15   Thumb Code    56  port.o(i.vPortExitCritical)
    vPortFree                                0x0800df51   Thumb Code   140  heap_4.o(i.vPortFree)
    vPortSetupTimerInterrupt                 0x0800dfe5   Thumb Code    36  port.o(i.vPortSetupTimerInterrupt)
    vPortValidateInterruptPriority           0x0800e00d   Thumb Code   106  port.o(i.vPortValidateInterruptPriority)
    vTaskDelay                               0x0800e085   Thumb Code    82  tasks.o(i.vTaskDelay)
    vTaskNotifyGiveFromISR                   0x0800e0e1   Thumb Code   216  tasks.o(i.vTaskNotifyGiveFromISR)
    vTaskStartScheduler                      0x0800e1d1   Thumb Code   146  tasks.o(i.vTaskStartScheduler)
    vTaskSuspendAll                          0x0800e281   Thumb Code    12  tasks.o(i.vTaskSuspendAll)
    vTaskSwitchContext                       0x0800e291   Thumb Code   118  tasks.o(i.vTaskSwitchContext)
    xPortStartScheduler                      0x0800e31d   Thumb Code   330  port.o(i.xPortStartScheduler)
    xQueueGenericCreate                      0x0800e485   Thumb Code    94  queue.o(i.xQueueGenericCreate)
    xQueueGenericCreateStatic                0x0800e4e3   Thumb Code   222  queue.o(i.xQueueGenericCreateStatic)
    xQueueGenericReset                       0x0800e5c1   Thumb Code   146  queue.o(i.xQueueGenericReset)
    xTaskCreate                              0x0800e659   Thumb Code   100  tasks.o(i.xTaskCreate)
    xTaskCreateStatic                        0x0800e6bd   Thumb Code   184  tasks.o(i.xTaskCreateStatic)
    xTaskGetHandle                           0x0800e775   Thumb Code   142  tasks.o(i.xTaskGetHandle)
    xTaskGetSchedulerState                   0x0800e819   Thumb Code    24  tasks.o(i.xTaskGetSchedulerState)
    xTaskIncrementTick                       0x0800e839   Thumb Code   282  tasks.o(i.xTaskIncrementTick)
    xTaskRemoveFromEventList                 0x0800e981   Thumb Code   128  tasks.o(i.xTaskRemoveFromEventList)
    xTaskResumeAll                           0x0800ea19   Thumb Code   224  tasks.o(i.xTaskResumeAll)
    __aeabi_d2f                              0x0800eb1d   Thumb Code     0  d2f_clz.o(x$fpl$d2f)
    _d2f                                     0x0800eb1d   Thumb Code   700  d2f_clz.o(x$fpl$d2f)
    __aeabi_dadd                             0x0800ede1   Thumb Code     0  daddsub_clz.o(x$fpl$dadd)
    _dadd                                    0x0800ede1   Thumb Code   580  daddsub_clz.o(x$fpl$dadd)
    __aeabi_ddiv                             0x0800f02d   Thumb Code     0  ddiv_clz.o(x$fpl$ddiv)
    _ddiv                                    0x0800f02d   Thumb Code   748  ddiv_clz.o(x$fpl$ddiv)
    __aeabi_i2d                              0x0800f3a9   Thumb Code     0  dflt_clz.o(x$fpl$dflt)
    _dflt                                    0x0800f3a9   Thumb Code    46  dflt_clz.o(x$fpl$dflt)
    __aeabi_dmul                             0x0800f3d9   Thumb Code     0  dmul_clz.o(x$fpl$dmul)
    _dmul                                    0x0800f3d9   Thumb Code   440  dmul_clz.o(x$fpl$dmul)
    __fpl_dnaninf                            0x0800f599   Thumb Code   258  dnaninf.o(x$fpl$dnaninf)
    __fpl_drenorm2                           0x0800f69b   Thumb Code   106  drenorm_clz.o(x$fpl$drenorm)
    __fpl_drenorm1                           0x0800f705   Thumb Code     6  drenorm_clz.o(x$fpl$drenorm)
    __fpl_dretinf                            0x0800f70b   Thumb Code    12  dretinf.o(x$fpl$dretinf)
    __aeabi_dsub                             0x0800f719   Thumb Code     0  daddsub_clz.o(x$fpl$dsub)
    _dsub                                    0x0800f719   Thumb Code   664  daddsub_clz.o(x$fpl$dsub)
    __dunder                                 0x0800f9b5   Thumb Code   314  dunder_clz.o(x$fpl$dunder)
    __dunder_d                               0x0800faef   Thumb Code    64  dunder_clz.o(x$fpl$dunder)
    __fpl_exception                          0x0800fb31   Thumb Code   454  except.o(x$fpl$exception)
    _fp_init                                 0x0800fd1d   Thumb Code    10  fpinit.o(x$fpl$fpinit)
    __fplib_config_fpu_vfp                   0x0800fd25   Thumb Code     0  fpinit.o(x$fpl$fpinit)
    __fplib_config_pureend_doubles           0x0800fd25   Thumb Code     0  fpinit.o(x$fpl$fpinit)
    __fpl_fretinf                            0x0800fd27   Thumb Code    10  fretinf.o(x$fpl$fretinf)
    __funder                                 0x0800fd31   Thumb Code   254  funder_clz.o(x$fpl$funder)
    __funder_d                               0x0800fe2f   Thumb Code    62  funder_clz.o(x$fpl$funder)
    __fpl_return_NaN                         0x0800fe6d   Thumb Code   178  retnan.o(x$fpl$retnan)
    _fp_trapveneer                           0x0800ff1f   Thumb Code    36  trapv.o(x$fpl$trapveneer)
    __fpl_cmpreturn                          0x0800ff43   Thumb Code    90  trapv.o(x$fpl$trapveneer)
    __I$use$fp                               0x0800ff9c   Number         0  usenofp.o(x$fpl$usenofp)
    AHBPrescTable                            0x08010034   Data          16  system_stm32f4xx.o(.constdata)
    APBPrescTable                            0x08010044   Data           8  system_stm32f4xx.o(.constdata)
    sinTable_f32                             0x08010190   Data        2052  arm_common_tables.o(.constdata)
    Region$$Table$$Base                      0x080109e4   Number         0  anon$$obj.o(Region$$Table)
    Region$$Table$$Limit                     0x08010a04   Number         0  anon$$obj.o(Region$$Table)
    bmi088TaskHandle                         0x20000000   Data           4  freertos.o(.data)
    usbTaskHandle                            0x20000004   Data           4  freertos.o(.data)
    PIDTask03Handle                          0x20000008   Data           4  freertos.o(.data)
    can_ConTask04Handle                      0x2000000c   Data           4  freertos.o(.data)
    RollQueue02Handle                        0x20000010   Data           4  freertos.o(.data)
    yawQueue03Handle                         0x20000014   Data           4  freertos.o(.data)
    FS_Desc                                  0x2000001c   Data          28  usbd_desc.o(.data)
    USBD_FS_DeviceDesc                       0x20000038   Data          18  usbd_desc.o(.data)
    USBD_LangIDDesc                          0x2000004c   Data           4  usbd_desc.o(.data)
    USBD_StringSerial                        0x20000050   Data          26  usbd_desc.o(.data)
    USBD_Interface_fops_FS                   0x2000006c   Data          16  usbd_cdc_if.o(.data)
    uwTick                                   0x2000007c   Data           4  stm32f4xx_hal.o(.data)
    uwTickPrio                               0x20000080   Data           4  stm32f4xx_hal.o(.data)
    uwTickFreq                               0x20000084   Data           1  stm32f4xx_hal.o(.data)
    SystemCoreClock                          0x20000088   Data           4  system_stm32f4xx.o(.data)
    pxCurrentTCB                             0x2000008c   Data           4  tasks.o(.data)
    USBD_CDC                                 0x200000fc   Data          56  usbd_cdc.o(.data)
    USBD_CDC_CfgHSDesc                       0x20000134   Data          67  usbd_cdc.o(.data)
    USBD_CDC_CfgFSDesc                       0x20000178   Data          67  usbd_cdc.o(.data)
    USBD_CDC_OtherSpeedCfgDesc               0x200001bc   Data          67  usbd_cdc.o(.data)
    gyro_dma_rx_buf                          0x20000204   Data           8  ins_task.o(.data)
    gyro_dma_tx_buf                          0x2000020c   Data           8  ins_task.o(.data)
    accel_dma_tx_buf                         0x20000214   Data           9  ins_task.o(.data)
    accel_temp_dma_rx_buf                    0x2000021d   Data           4  ins_task.o(.data)
    accel_temp_dma_tx_buf                    0x20000221   Data           4  ins_task.o(.data)
    gyro_update_flag                         0x20000225   Data           1  ins_task.o(.data)
    accel_update_flag                        0x20000226   Data           1  ins_task.o(.data)
    accel_temp_update_flag                   0x20000227   Data           1  ins_task.o(.data)
    mag_update_flag                          0x20000228   Data           1  ins_task.o(.data)
    imu_start_dma_flag                       0x20000229   Data           1  ins_task.o(.data)
    gyro_scale_factor                        0x2000022c   Data          36  ins_task.o(.data)
    accel_scale_factor                       0x20000250   Data          36  ins_task.o(.data)
    mag_scale_factor                         0x20000274   Data          36  ins_task.o(.data)
    now_angle                                0x2000029c   Data           8  ins_task.o(.data)
    error                                    0x200002a4   Data           1  ins_task.o(.data)
    lock_flag                                0x200002a5   Data           1  ins_task.o(.data)
    gimbal_state                             0x200002a6   Data           2  ins_task.o(.data)
    lock_angle                               0x200002a8   Data           8  ins_task.o(.data)
    roll_pk                                  0x200002c4   Data          12  can_motor.o(.data)
    roll_sk                                  0x200002d0   Data          12  can_motor.o(.data)
    yaw_pk                                   0x200002dc   Data          12  can_motor.o(.data)
    yaw_sk                                   0x200002e8   Data          12  can_motor.o(.data)
    get_current                              0x200002f4   Data           4  can_motor.o(.data)
    IF_SWITCHED                              0x200002f8   Data           1  can_motor.o(.data)
    err                                      0x200002fc   Data           8  can_motor.o(.data)
    kf                                       0x20000304   Data           8  can_motor.o(.data)
    BMI088_ACCEL_SEN                         0x20000310   Data           4  bmi088driver.o(.data)
    BMI088_GYRO_SEN                          0x20000314   Data           4  bmi088driver.o(.data)
    hcan1                                    0x200005a8   Data          40  can.o(.bss)
    hcan2                                    0x200005d0   Data          40  can.o(.bss)
    hi2c3                                    0x200005f8   Data          84  i2c.o(.bss)
    hspi1                                    0x2000064c   Data          88  spi.o(.bss)
    hdma_spi1_rx                             0x200006a4   Data          96  spi.o(.bss)
    hdma_spi1_tx                             0x20000704   Data          96  spi.o(.bss)
    htim10                                   0x20000764   Data          64  tim.o(.bss)
    huart3                                   0x200007a4   Data          64  usart.o(.bss)
    hdma_usart3_rx                           0x200007e4   Data          96  usart.o(.bss)
    htim1                                    0x20000844   Data          64  stm32f4xx_hal_timebase_tim.o(.bss)
    hUsbDeviceFS                             0x20000884   Data         668  usb_device.o(.bss)
    USBD_StrDesc                             0x20000b20   Data         512  usbd_desc.o(.bss)
    UserRxBufferFS                           0x20000d20   Data        2048  usbd_cdc_if.o(.bss)
    UserTxBufferFS                           0x20001520   Data        2048  usbd_cdc_if.o(.bss)
    hpcd_USB_OTG_FS                          0x20001d20   Data        1032  usbd_conf.o(.bss)
    accel_dma_rx_buf                         0x2000c438   Data           9  ins_task.o(.bss)
    bmi088_real_data                         0x2000c444   Data          36  ins_task.o(.bss)
    gyro_offset                              0x2000c468   Data          12  ins_task.o(.bss)
    gyro_cali_offset                         0x2000c474   Data          12  ins_task.o(.bss)
    accel_offset                             0x2000c480   Data          12  ins_task.o(.bss)
    accel_cali_offset                        0x2000c48c   Data          12  ins_task.o(.bss)
    ist8310_real_data                        0x2000c498   Data          16  ins_task.o(.bss)
    mag_offset                               0x2000c4a8   Data          12  ins_task.o(.bss)
    mag_cali_offset                          0x2000c4b4   Data          12  ins_task.o(.bss)
    INS_angle                                0x2000c560   Data          12  ins_task.o(.bss)
    roll_data                                0x2000c59c   Data          20  can_motor.o(.bss)
    yaw_data                                 0x2000c5b0   Data          20  can_motor.o(.bss)
    Roll_ppid                                0x2000c5c4   Data          72  can_motor.o(.bss)
    Roll_spid                                0x2000c60c   Data          72  can_motor.o(.bss)
    Yaw_ppid                                 0x2000c654   Data          72  can_motor.o(.bss)
    Yaw_spid                                 0x2000c69c   Data          72  can_motor.o(.bss)
    usb_cdc_data                             0x2000c6e4   Data        4100  bsp_usb.o(.bss)
    __libspace_start                         0x2000d6e8   Data          96  libspace.o(.bss)
    __temporary_stack_top$libspace           0x2000d748   Data           0  libspace.o(.bss)



==============================================================================

Memory Map of the image

  Image Entry point : 0x08000189

  Load Region LR_IROM1 (Base: 0x08000000, Size: 0x00010d58, Max: 0x00100000, ABSOLUTE, COMPRESSED[0x00010b54])

    Execution Region ER_IROM1 (Exec base: 0x08000000, Load base: 0x08000000, Size: 0x00010a04, Max: 0x00100000, ABSOLUTE)

    Exec Addr    Load Addr    Size         Type   Attr      Idx    E Section Name        Object

    0x08000000   0x08000000   0x00000188   Data   RO            3    RESET               startup_stm32f407xx.o
    0x08000188   0x08000188   0x00000008   Code   RO         8759  * !!!main             c_w.l(__main.o)
    0x08000190   0x08000190   0x00000034   Code   RO         9091    !!!scatter          c_w.l(__scatter.o)
    0x080001c4   0x080001c4   0x0000005a   Code   RO         9089    !!dczerorl2         c_w.l(__dczerorl2.o)
    0x0800021e   0x0800021e   0x00000002   PAD
    0x08000220   0x08000220   0x0000001c   Code   RO         9093    !!handler_zi        c_w.l(__scatter_zi.o)
    0x0800023c   0x0800023c   0x00000002   Code   RO         8962    .ARM.Collect$$libinit$$00000000  c_w.l(libinit.o)
    0x0800023e   0x0800023e   0x00000004   Code   RO         8971    .ARM.Collect$$libinit$$00000001  c_w.l(libinit2.o)
    0x08000242   0x08000242   0x00000000   Code   RO         8974    .ARM.Collect$$libinit$$00000004  c_w.l(libinit2.o)
    0x08000242   0x08000242   0x00000000   Code   RO         8977    .ARM.Collect$$libinit$$0000000A  c_w.l(libinit2.o)
    0x08000242   0x08000242   0x00000000   Code   RO         8979    .ARM.Collect$$libinit$$0000000C  c_w.l(libinit2.o)
    0x08000242   0x08000242   0x00000000   Code   RO         8981    .ARM.Collect$$libinit$$0000000E  c_w.l(libinit2.o)
    0x08000242   0x08000242   0x00000000   Code   RO         8984    .ARM.Collect$$libinit$$00000011  c_w.l(libinit2.o)
    0x08000242   0x08000242   0x00000000   Code   RO         8986    .ARM.Collect$$libinit$$00000013  c_w.l(libinit2.o)
    0x08000242   0x08000242   0x00000000   Code   RO         8988    .ARM.Collect$$libinit$$00000015  c_w.l(libinit2.o)
    0x08000242   0x08000242   0x00000000   Code   RO         8990    .ARM.Collect$$libinit$$00000017  c_w.l(libinit2.o)
    0x08000242   0x08000242   0x00000000   Code   RO         8992    .ARM.Collect$$libinit$$00000019  c_w.l(libinit2.o)
    0x08000242   0x08000242   0x00000000   Code   RO         8994    .ARM.Collect$$libinit$$0000001B  c_w.l(libinit2.o)
    0x08000242   0x08000242   0x00000000   Code   RO         8996    .ARM.Collect$$libinit$$0000001D  c_w.l(libinit2.o)
    0x08000242   0x08000242   0x00000000   Code   RO         8998    .ARM.Collect$$libinit$$0000001F  c_w.l(libinit2.o)
    0x08000242   0x08000242   0x00000000   Code   RO         9000    .ARM.Collect$$libinit$$00000021  c_w.l(libinit2.o)
    0x08000242   0x08000242   0x00000000   Code   RO         9002    .ARM.Collect$$libinit$$00000023  c_w.l(libinit2.o)
    0x08000242   0x08000242   0x00000000   Code   RO         9004    .ARM.Collect$$libinit$$00000025  c_w.l(libinit2.o)
    0x08000242   0x08000242   0x00000000   Code   RO         9008    .ARM.Collect$$libinit$$0000002C  c_w.l(libinit2.o)
    0x08000242   0x08000242   0x00000000   Code   RO         9010    .ARM.Collect$$libinit$$0000002E  c_w.l(libinit2.o)
    0x08000242   0x08000242   0x00000000   Code   RO         9012    .ARM.Collect$$libinit$$00000030  c_w.l(libinit2.o)
    0x08000242   0x08000242   0x00000000   Code   RO         9014    .ARM.Collect$$libinit$$00000032  c_w.l(libinit2.o)
    0x08000242   0x08000242   0x00000002   Code   RO         9015    .ARM.Collect$$libinit$$00000033  c_w.l(libinit2.o)
    0x08000244   0x08000244   0x00000002   Code   RO         9046    .ARM.Collect$$libshutdown$$00000000  c_w.l(libshutdown.o)
    0x08000246   0x08000246   0x00000000   Code   RO         9072    .ARM.Collect$$libshutdown$$00000002  c_w.l(libshutdown2.o)
    0x08000246   0x08000246   0x00000000   Code   RO         9074    .ARM.Collect$$libshutdown$$00000004  c_w.l(libshutdown2.o)
    0x08000246   0x08000246   0x00000000   Code   RO         9077    .ARM.Collect$$libshutdown$$00000007  c_w.l(libshutdown2.o)
    0x08000246   0x08000246   0x00000000   Code   RO         9080    .ARM.Collect$$libshutdown$$0000000A  c_w.l(libshutdown2.o)
    0x08000246   0x08000246   0x00000000   Code   RO         9082    .ARM.Collect$$libshutdown$$0000000C  c_w.l(libshutdown2.o)
    0x08000246   0x08000246   0x00000000   Code   RO         9085    .ARM.Collect$$libshutdown$$0000000F  c_w.l(libshutdown2.o)
    0x08000246   0x08000246   0x00000002   Code   RO         9086    .ARM.Collect$$libshutdown$$00000010  c_w.l(libshutdown2.o)
    0x08000248   0x08000248   0x00000000   Code   RO         8867    .ARM.Collect$$rtentry$$00000000  c_w.l(__rtentry.o)
    0x08000248   0x08000248   0x00000000   Code   RO         8919    .ARM.Collect$$rtentry$$00000002  c_w.l(__rtentry2.o)
    0x08000248   0x08000248   0x00000006   Code   RO         8931    .ARM.Collect$$rtentry$$00000004  c_w.l(__rtentry4.o)
    0x0800024e   0x0800024e   0x00000000   Code   RO         8921    .ARM.Collect$$rtentry$$00000009  c_w.l(__rtentry2.o)
    0x0800024e   0x0800024e   0x00000004   Code   RO         8922    .ARM.Collect$$rtentry$$0000000A  c_w.l(__rtentry2.o)
    0x08000252   0x08000252   0x00000000   Code   RO         8924    .ARM.Collect$$rtentry$$0000000C  c_w.l(__rtentry2.o)
    0x08000252   0x08000252   0x00000008   Code   RO         8925    .ARM.Collect$$rtentry$$0000000D  c_w.l(__rtentry2.o)
    0x0800025a   0x0800025a   0x00000002   Code   RO         8963    .ARM.Collect$$rtexit$$00000000  c_w.l(rtexit.o)
    0x0800025c   0x0800025c   0x00000000   Code   RO         9019    .ARM.Collect$$rtexit$$00000002  c_w.l(rtexit2.o)
    0x0800025c   0x0800025c   0x00000004   Code   RO         9020    .ARM.Collect$$rtexit$$00000003  c_w.l(rtexit2.o)
    0x08000260   0x08000260   0x00000006   Code   RO         9021    .ARM.Collect$$rtexit$$00000004  c_w.l(rtexit2.o)
    0x08000266   0x08000266   0x00000002   PAD
    0x08000268   0x08000268   0x000000be   Code   RO         6584    .emb_text           port.o
    0x08000326   0x08000326   0x00000002   PAD
    0x08000328   0x08000328   0x00000040   Code   RO            4    .text               startup_stm32f407xx.o
    0x08000368   0x08000368   0x00000078   Code   RO         8498    .text               arm_cortexM4lf_math.lib(arm_cos_f32.o)
    0x080003e0   0x080003e0   0x00000074   Code   RO         8551    .text               arm_cortexM4lf_math.lib(arm_sin_f32.o)
    0x08000454   0x08000454   0x000000ee   Code   RO         8743    .text               c_w.l(lludivv7m.o)
    0x08000542   0x08000542   0x0000003e   Code   RO         8745    .text               c_w.l(strlen.o)
    0x08000580   0x08000580   0x00000064   Code   RO         8749    .text               c_w.l(rt_memcpy_w.o)
    0x080005e4   0x080005e4   0x00000010   Code   RO         8753    .text               c_w.l(aeabi_memset.o)
    0x080005f4   0x080005f4   0x0000004e   Code   RO         8755    .text               c_w.l(rt_memclr_w.o)
    0x08000642   0x08000642   0x00000006   Code   RO         8757    .text               c_w.l(heapauxi.o)
    0x08000648   0x08000648   0x00000016   Code   RO         8872    .text               c_w.l(_rserrno.o)
    0x0800065e   0x0800065e   0x00000044   Code   RO         8874    .text               c_w.l(rt_memclr.o)
    0x080006a2   0x080006a2   0x00000002   PAD
    0x080006a4   0x080006a4   0x00000008   Code   RO         8938    .text               c_w.l(rt_errno_addr_intlibspace.o)
    0x080006ac   0x080006ac   0x00000030   Code   RO         8940    .text               c_w.l(_fptrap.o)
    0x080006dc   0x080006dc   0x00000008   Code   RO         8946    .text               c_w.l(libspace.o)
    0x080006e4   0x080006e4   0x0000004a   Code   RO         8949    .text               c_w.l(sys_stackheap_outer.o)
    0x0800072e   0x0800072e   0x00000012   Code   RO         8951    .text               c_w.l(exit.o)
    0x08000740   0x08000740   0x0000000e   Code   RO         8953    .text               c_w.l(defsig_fpe_outer.o)
    0x0800074e   0x0800074e   0x0000000a   Code   RO         8967    .text               c_w.l(defsig_exit.o)
    0x08000758   0x08000758   0x000000ac   Code   RO         8969    .text               c_w.l(defsig_fpe_inner.o)
    0x08000804   0x08000804   0x0000000c   Code   RO         9016    .text               c_w.l(sys_exit.o)
    0x08000810   0x08000810   0x00000032   Code   RO         9027    .text               c_w.l(defsig_general.o)
    0x08000842   0x08000842   0x0000000e   Code   RO         9033    .text               c_w.l(sys_wrch.o)
    0x08000850   0x08000850   0x00000002   Code   RO         9035    .text               c_w.l(use_no_semi.o)
    0x08000852   0x08000852   0x00000000   Code   RO         9037    .text               c_w.l(indicate_semi.o)
    0x08000852   0x08000852   0x00000018   Code   RO         7481    i.AHRS_asinf        ahrs_middleware.o
    0x0800086a   0x0800086a   0x00000020   Code   RO         7482    i.AHRS_atan2f       ahrs_middleware.o
    0x0800088a   0x0800088a   0x00000018   Code   RO         7483    i.AHRS_cosf         ahrs_middleware.o
    0x080008a2   0x080008a2   0x0000001a   Code   RO         8572    i.AHRS_fabs         AHRS.lib(ahrs.o)
    0x080008bc   0x080008bc   0x00000010   Code   RO         7484    i.AHRS_get_height   ahrs_middleware.o
    0x080008cc   0x080008cc   0x0000000c   Code   RO         7485    i.AHRS_get_latitude  ahrs_middleware.o
    0x080008d8   0x080008d8   0x0000029c   Code   RO         8573    i.AHRS_init         AHRS.lib(ahrs.o)
    0x08000b74   0x08000b74   0x00000024   Code   RO         7486    i.AHRS_invSqrt      ahrs_middleware.o
    0x08000b98   0x08000b98   0x00000018   Code   RO         7487    i.AHRS_sinf         ahrs_middleware.o
    0x08000bb0   0x08000bb0   0x0000013a   Code   RO         8574    i.AHRS_update       AHRS.lib(ahrs.o)
    0x08000cea   0x08000cea   0x00000002   PAD
    0x08000cec   0x08000cec   0x00000014   Code   RO         7972    i.BMI088_ACCEL_NS_H  bmi088middleware.o
    0x08000d00   0x08000d00   0x00000014   Code   RO         7973    i.BMI088_ACCEL_NS_L  bmi088middleware.o
    0x08000d14   0x08000d14   0x00000002   Code   RO         7974    i.BMI088_GPIO_init  bmi088middleware.o
    0x08000d16   0x08000d16   0x00000002   PAD
    0x08000d18   0x08000d18   0x00000014   Code   RO         7975    i.BMI088_GYRO_NS_H  bmi088middleware.o
    0x08000d2c   0x08000d2c   0x00000014   Code   RO         7976    i.BMI088_GYRO_NS_L  bmi088middleware.o
    0x08000d40   0x08000d40   0x00000090   Code   RO         7762    i.BMI088_accel_read_over  bmi088driver.o
    0x08000dd0   0x08000dd0   0x00000002   Code   RO         7977    i.BMI088_com_init   bmi088middleware.o
    0x08000dd2   0x08000dd2   0x0000000c   Code   RO         7978    i.BMI088_delay_ms   bmi088middleware.o
    0x08000dde   0x08000dde   0x0000000c   Code   RO         7979    i.BMI088_delay_us   bmi088middleware.o
    0x08000dea   0x08000dea   0x00000002   PAD
    0x08000dec   0x08000dec   0x00000068   Code   RO         7763    i.BMI088_gyro_read_over  bmi088driver.o
    0x08000e54   0x08000e54   0x00000034   Code   RO         7764    i.BMI088_init       bmi088driver.o
    0x08000e88   0x08000e88   0x0000017c   Code   RO         7765    i.BMI088_read       bmi088driver.o
    0x08001004   0x08001004   0x00000026   Code   RO         7768    i.BMI088_read_muli_reg  bmi088driver.o
    0x0800102a   0x0800102a   0x00000018   Code   RO         7769    i.BMI088_read_single_reg  bmi088driver.o
    0x08001042   0x08001042   0x00000002   PAD
    0x08001044   0x08001044   0x00000020   Code   RO         7980    i.BMI088_read_write_byte  bmi088middleware.o
    0x08001064   0x08001064   0x00000034   Code   RO         7770    i.BMI088_temperature_read_over  bmi088driver.o
    0x08001098   0x08001098   0x00000014   Code   RO         7771    i.BMI088_write_single_reg  bmi088driver.o
    0x080010ac   0x080010ac   0x00000328   Code   RO         7217    i.Bmi088Task        ins_task.o
    0x080013d4   0x080013d4   0x00000004   Code   RO          625    i.BusFault_Handler  stm32f4xx_it.o
    0x080013d8   0x080013d8   0x00000010   Code   RO          626    i.CAN1_RX0_IRQHandler  stm32f4xx_it.o
    0x080013e8   0x080013e8   0x00000010   Code   RO          627    i.CAN2_RX0_IRQHandler  stm32f4xx_it.o
    0x080013f8   0x080013f8   0x00000040   Code   RO         7396    i.CAN_send_CMD      can_motor.o
    0x08001438   0x08001438   0x00000044   Code   RO          953    i.CDC_Control_FS    usbd_cdc_if.o
    0x0800147c   0x0800147c   0x00000004   Code   RO          954    i.CDC_DeInit_FS     usbd_cdc_if.o
    0x08001480   0x08001480   0x00000024   Code   RO          955    i.CDC_Init_FS       usbd_cdc_if.o
    0x080014a4   0x080014a4   0x00000030   Code   RO          956    i.CDC_Receive_FS    usbd_cdc_if.o
    0x080014d4   0x080014d4   0x00000038   Code   RO          958    i.CDC_Transmit_FS   usbd_cdc_if.o
    0x0800150c   0x0800150c   0x00000010   Code   RO          628    i.DMA1_Stream1_IRQHandler  stm32f4xx_it.o
    0x0800151c   0x0800151c   0x00000898   Code   RO         7218    i.DMA2_Stream2_IRQHandler  ins_task.o
    0x08001db4   0x08001db4   0x00000010   Code   RO          629    i.DMA2_Stream3_IRQHandler  stm32f4xx_it.o
    0x08001dc4   0x08001dc4   0x00000034   Code   RO         3233    i.DMA_CalcBaseAndBitshift  stm32f4xx_hal_dma.o
    0x08001df8   0x08001df8   0x000000aa   Code   RO         3234    i.DMA_CheckFifoParam  stm32f4xx_hal_dma.o
    0x08001ea2   0x08001ea2   0x00000002   Code   RO          630    i.DebugMon_Handler  stm32f4xx_it.o
    0x08001ea4   0x08001ea4   0x0000000a   Code   RO          631    i.EXTI0_IRQHandler  stm32f4xx_it.o
    0x08001eae   0x08001eae   0x0000000a   Code   RO          632    i.EXTI3_IRQHandler  stm32f4xx_it.o
    0x08001eb8   0x08001eb8   0x0000000a   Code   RO          633    i.EXTI4_IRQHandler  stm32f4xx_it.o
    0x08001ec2   0x08001ec2   0x0000000a   Code   RO          634    i.EXTI9_5_IRQHandler  stm32f4xx_it.o
    0x08001ecc   0x08001ecc   0x00000006   Code   RO           13    i.Error_Handler     main.o
    0x08001ed2   0x08001ed2   0x00000002   PAD
    0x08001ed4   0x08001ed4   0x00000034   Code   RO          863    i.Get_SerialNum     usbd_desc.o
    0x08001f08   0x08001f08   0x0000002a   Code   RO         3909    i.HAL_CAN_ActivateNotification  stm32f4xx_hal_can.o
    0x08001f32   0x08001f32   0x00000156   Code   RO         3910    i.HAL_CAN_AddTxMessage  stm32f4xx_hal_can.o
    0x08002088   0x08002088   0x00000124   Code   RO         3911    i.HAL_CAN_ConfigFilter  stm32f4xx_hal_can.o
    0x080021ac   0x080021ac   0x00000002   Code   RO         3914    i.HAL_CAN_ErrorCallback  stm32f4xx_hal_can.o
    0x080021ae   0x080021ae   0x0000017c   Code   RO         3917    i.HAL_CAN_GetRxMessage  stm32f4xx_hal_can.o
    0x0800232a   0x0800232a   0x0000024e   Code   RO         3921    i.HAL_CAN_IRQHandler  stm32f4xx_hal_can.o
    0x08002578   0x08002578   0x00000174   Code   RO         3922    i.HAL_CAN_Init      stm32f4xx_hal_can.o
    0x080026ec   0x080026ec   0x00000160   Code   RO          379    i.HAL_CAN_MspInit   can.o
    0x0800284c   0x0800284c   0x00000002   Code   RO         3929    i.HAL_CAN_RxFifo0FullCallback  stm32f4xx_hal_can.o
    0x0800284e   0x0800284e   0x00000002   PAD
    0x08002850   0x08002850   0x000000e8   Code   RO         7397    i.HAL_CAN_RxFifo0MsgPendingCallback  can_motor.o
    0x08002938   0x08002938   0x00000002   Code   RO         3931    i.HAL_CAN_RxFifo1FullCallback  stm32f4xx_hal_can.o
    0x0800293a   0x0800293a   0x00000002   Code   RO         3932    i.HAL_CAN_RxFifo1MsgPendingCallback  stm32f4xx_hal_can.o
    0x0800293c   0x0800293c   0x00000002   Code   RO         3933    i.HAL_CAN_SleepCallback  stm32f4xx_hal_can.o
    0x0800293e   0x0800293e   0x0000005e   Code   RO         3934    i.HAL_CAN_Start     stm32f4xx_hal_can.o
    0x0800299c   0x0800299c   0x00000002   Code   RO         3936    i.HAL_CAN_TxMailbox0AbortCallback  stm32f4xx_hal_can.o
    0x0800299e   0x0800299e   0x00000002   Code   RO         3937    i.HAL_CAN_TxMailbox0CompleteCallback  stm32f4xx_hal_can.o
    0x080029a0   0x080029a0   0x00000002   Code   RO         3938    i.HAL_CAN_TxMailbox1AbortCallback  stm32f4xx_hal_can.o
    0x080029a2   0x080029a2   0x00000002   Code   RO         3939    i.HAL_CAN_TxMailbox1CompleteCallback  stm32f4xx_hal_can.o
    0x080029a4   0x080029a4   0x00000002   Code   RO         3940    i.HAL_CAN_TxMailbox2AbortCallback  stm32f4xx_hal_can.o
    0x080029a6   0x080029a6   0x00000002   Code   RO         3941    i.HAL_CAN_TxMailbox2CompleteCallback  stm32f4xx_hal_can.o
    0x080029a8   0x080029a8   0x00000002   Code   RO         3943    i.HAL_CAN_WakeUpFromRxMsgCallback  stm32f4xx_hal_can.o
    0x080029aa   0x080029aa   0x00000002   PAD
    0x080029ac   0x080029ac   0x00000240   Code   RO         3241    i.HAL_DMA_IRQHandler  stm32f4xx_hal_dma.o
    0x08002bec   0x08002bec   0x000000ec   Code   RO         3242    i.HAL_DMA_Init      stm32f4xx_hal_dma.o
    0x08002cd8   0x08002cd8   0x00000028   Code   RO         3660    i.HAL_Delay         stm32f4xx_hal.o
    0x08002d00   0x08002d00   0x000000a8   Code   RO         7219    i.HAL_GPIO_EXTI_Callback  ins_task.o
    0x08002da8   0x08002da8   0x0000001c   Code   RO         3128    i.HAL_GPIO_EXTI_IRQHandler  stm32f4xx_hal_gpio.o
    0x08002dc4   0x08002dc4   0x00000200   Code   RO         3129    i.HAL_GPIO_Init     stm32f4xx_hal_gpio.o
    0x08002fc4   0x08002fc4   0x0000000c   Code   RO         3133    i.HAL_GPIO_WritePin  stm32f4xx_hal_gpio.o
    0x08002fd0   0x08002fd0   0x0000000c   Code   RO         3666    i.HAL_GetTick       stm32f4xx_hal.o
    0x08002fdc   0x08002fdc   0x000001b8   Code   RO         4153    i.HAL_I2C_Init      stm32f4xx_hal_i2c.o
    0x08003194   0x08003194   0x000002f4   Code   RO         4171    i.HAL_I2C_Mem_Read  stm32f4xx_hal_i2c.o
    0x08003488   0x08003488   0x00000164   Code   RO         4174    i.HAL_I2C_Mem_Write  stm32f4xx_hal_i2c.o
    0x080035ec   0x080035ec   0x000000c8   Code   RO          452    i.HAL_I2C_MspInit   i2c.o
    0x080036b4   0x080036b4   0x00000018   Code   RO         3672    i.HAL_IncTick       stm32f4xx_hal.o
    0x080036cc   0x080036cc   0x0000003c   Code   RO         3673    i.HAL_Init          stm32f4xx_hal.o
    0x08003708   0x08003708   0x000000a0   Code   RO          792    i.HAL_InitTick      stm32f4xx_hal_timebase_tim.o
    0x080037a8   0x080037a8   0x00000054   Code   RO          768    i.HAL_MspInit       stm32f4xx_hal_msp.o
    0x080037fc   0x080037fc   0x00000020   Code   RO         3518    i.HAL_NVIC_EnableIRQ  stm32f4xx_hal_cortex.o
    0x0800381c   0x0800381c   0x0000007c   Code   RO         3524    i.HAL_NVIC_SetPriority  stm32f4xx_hal_cortex.o
    0x08003898   0x08003898   0x00000028   Code   RO         3525    i.HAL_NVIC_SetPriorityGrouping  stm32f4xx_hal_cortex.o
    0x080038c0   0x080038c0   0x00000002   Code   RO         2382    i.HAL_PCDEx_LPM_Callback  stm32f4xx_hal_pcd_ex.o
    0x080038c2   0x080038c2   0x0000000a   Code   RO         2383    i.HAL_PCDEx_SetRxFiFo  stm32f4xx_hal_pcd_ex.o
    0x080038cc   0x080038cc   0x0000004e   Code   RO         2384    i.HAL_PCDEx_SetTxFiFo  stm32f4xx_hal_pcd_ex.o
    0x0800391a   0x0800391a   0x0000000e   Code   RO         1010    i.HAL_PCD_ConnectCallback  usbd_conf.o
    0x08003928   0x08003928   0x00000020   Code   RO         1011    i.HAL_PCD_DataInStageCallback  usbd_conf.o
    0x08003948   0x08003948   0x00000020   Code   RO         1012    i.HAL_PCD_DataOutStageCallback  usbd_conf.o
    0x08003968   0x08003968   0x0000000e   Code   RO         1013    i.HAL_PCD_DisconnectCallback  usbd_conf.o
    0x08003976   0x08003976   0x0000006a   Code   RO         2165    i.HAL_PCD_EP_Close  stm32f4xx_hal_pcd.o
    0x080039e0   0x080039e0   0x0000007c   Code   RO         2166    i.HAL_PCD_EP_ClrStall  stm32f4xx_hal_pcd.o
    0x08003a5c   0x08003a5c   0x00000016   Code   RO         2168    i.HAL_PCD_EP_GetRxCount  stm32f4xx_hal_pcd.o
    0x08003a72   0x08003a72   0x0000008c   Code   RO         2169    i.HAL_PCD_EP_Open   stm32f4xx_hal_pcd.o
    0x08003afe   0x08003afe   0x00000058   Code   RO         2170    i.HAL_PCD_EP_Receive  stm32f4xx_hal_pcd.o
    0x08003b56   0x08003b56   0x0000008a   Code   RO         2171    i.HAL_PCD_EP_SetStall  stm32f4xx_hal_pcd.o
    0x08003be0   0x08003be0   0x0000005a   Code   RO         2172    i.HAL_PCD_EP_Transmit  stm32f4xx_hal_pcd.o
    0x08003c3a   0x08003c3a   0x0000053e   Code   RO         2174    i.HAL_PCD_IRQHandler  stm32f4xx_hal_pcd.o
    0x08004178   0x08004178   0x00000012   Code   RO         1014    i.HAL_PCD_ISOINIncompleteCallback  usbd_conf.o
    0x0800418a   0x0800418a   0x00000012   Code   RO         1015    i.HAL_PCD_ISOOUTIncompleteCallback  usbd_conf.o
    0x0800419c   0x0800419c   0x00000166   Code   RO         2177    i.HAL_PCD_Init      stm32f4xx_hal_pcd.o
    0x08004302   0x08004302   0x00000002   PAD
    0x08004304   0x08004304   0x000000a8   Code   RO         1017    i.HAL_PCD_MspInit   usbd_conf.o
    0x080043ac   0x080043ac   0x00000030   Code   RO         1018    i.HAL_PCD_ResetCallback  usbd_conf.o
    0x080043dc   0x080043dc   0x0000000e   Code   RO         1019    i.HAL_PCD_ResumeCallback  usbd_conf.o
    0x080043ea   0x080043ea   0x0000000e   Code   RO         1020    i.HAL_PCD_SOFCallback  usbd_conf.o
    0x080043f8   0x080043f8   0x00000036   Code   RO         2183    i.HAL_PCD_SetAddress  stm32f4xx_hal_pcd.o
    0x0800442e   0x0800442e   0x00000012   Code   RO         1021    i.HAL_PCD_SetupStageCallback  usbd_conf.o
    0x08004440   0x08004440   0x0000004a   Code   RO         2185    i.HAL_PCD_Start     stm32f4xx_hal_pcd.o
    0x0800448a   0x0800448a   0x00000002   PAD
    0x0800448c   0x0800448c   0x00000034   Code   RO         1022    i.HAL_PCD_SuspendCallback  usbd_conf.o
    0x080044c0   0x080044c0   0x00000180   Code   RO         2730    i.HAL_RCC_ClockConfig  stm32f4xx_hal_rcc.o
    0x08004640   0x08004640   0x00000044   Code   RO         2734    i.HAL_RCC_GetClockConfig  stm32f4xx_hal_rcc.o
    0x08004684   0x08004684   0x0000000c   Code   RO         2735    i.HAL_RCC_GetHCLKFreq  stm32f4xx_hal_rcc.o
    0x08004690   0x08004690   0x00000020   Code   RO         2737    i.HAL_RCC_GetPCLK1Freq  stm32f4xx_hal_rcc.o
    0x080046b0   0x080046b0   0x00000020   Code   RO         2738    i.HAL_RCC_GetPCLK2Freq  stm32f4xx_hal_rcc.o
    0x080046d0   0x080046d0   0x000000b0   Code   RO         2739    i.HAL_RCC_GetSysClockFreq  stm32f4xx_hal_rcc.o
    0x08004780   0x08004780   0x00000448   Code   RO         2742    i.HAL_RCC_OscConfig  stm32f4xx_hal_rcc.o
    0x08004bc8   0x08004bc8   0x0000008c   Code   RO         4633    i.HAL_SPI_Init      stm32f4xx_hal_spi.o
    0x08004c54   0x08004c54   0x00000158   Code   RO          494    i.HAL_SPI_MspInit   spi.o
    0x08004dac   0x08004dac   0x0000022a   Code   RO         4642    i.HAL_SPI_TransmitReceive  stm32f4xx_hal_spi.o
    0x08004fd6   0x08004fd6   0x00000002   Code   RO         1905    i.HAL_TIMEx_BreakCallback  stm32f4xx_hal_tim_ex.o
    0x08004fd8   0x08004fd8   0x00000002   Code   RO         1906    i.HAL_TIMEx_CommutCallback  stm32f4xx_hal_tim_ex.o
    0x08004fda   0x08004fda   0x00000034   Code   RO         1219    i.HAL_TIM_Base_Init  stm32f4xx_hal_tim.o
    0x0800500e   0x0800500e   0x00000002   PAD
    0x08005010   0x08005010   0x00000048   Code   RO          536    i.HAL_TIM_Base_MspInit  tim.o
    0x08005058   0x08005058   0x0000002a   Code   RO         1224    i.HAL_TIM_Base_Start_IT  stm32f4xx_hal_tim.o
    0x08005082   0x08005082   0x00000002   Code   RO         1248    i.HAL_TIM_IC_CaptureCallback  stm32f4xx_hal_tim.o
    0x08005084   0x08005084   0x00000196   Code   RO         1262    i.HAL_TIM_IRQHandler  stm32f4xx_hal_tim.o
    0x0800521a   0x0800521a   0x00000002   PAD
    0x0800521c   0x0800521c   0x00000060   Code   RO          537    i.HAL_TIM_MspPostInit  tim.o
    0x0800527c   0x0800527c   0x00000002   Code   RO         1265    i.HAL_TIM_OC_DelayElapsedCallback  stm32f4xx_hal_tim.o
    0x0800527e   0x0800527e   0x00000108   Code   RO         1286    i.HAL_TIM_PWM_ConfigChannel  stm32f4xx_hal_tim.o
    0x08005386   0x08005386   0x00000034   Code   RO         1289    i.HAL_TIM_PWM_Init  stm32f4xx_hal_tim.o
    0x080053ba   0x080053ba   0x00000002   Code   RO         1291    i.HAL_TIM_PWM_MspInit  stm32f4xx_hal_tim.o
    0x080053bc   0x080053bc   0x00000002   Code   RO         1292    i.HAL_TIM_PWM_PulseFinishedCallback  stm32f4xx_hal_tim.o
    0x080053be   0x080053be   0x00000002   PAD
    0x080053c0   0x080053c0   0x00000018   Code   RO           14    i.HAL_TIM_PeriodElapsedCallback  main.o
    0x080053d8   0x080053d8   0x00000002   Code   RO         1305    i.HAL_TIM_TriggerCallback  stm32f4xx_hal_tim.o
    0x080053da   0x080053da   0x00000072   Code   RO         4969    i.HAL_UART_Init     stm32f4xx_hal_uart.o
    0x0800544c   0x0800544c   0x000000d0   Code   RO          584    i.HAL_UART_MspInit  usart.o
    0x0800551c   0x0800551c   0x00000004   Code   RO          635    i.HardFault_Handler  stm32f4xx_it.o
    0x08005520   0x08005520   0x0000003e   Code   RO         4196    i.I2C_IsAcknowledgeFailed  stm32f4xx_hal_i2c.o
    0x0800555e   0x0800555e   0x00000002   PAD
    0x08005560   0x08005560   0x00000138   Code   RO         4206    i.I2C_RequestMemoryRead  stm32f4xx_hal_i2c.o
    0x08005698   0x08005698   0x000000cc   Code   RO         4207    i.I2C_RequestMemoryWrite  stm32f4xx_hal_i2c.o
    0x08005764   0x08005764   0x0000005c   Code   RO         4215    i.I2C_WaitOnBTFFlagUntilTimeout  stm32f4xx_hal_i2c.o
    0x080057c0   0x080057c0   0x00000086   Code   RO         4216    i.I2C_WaitOnFlagUntilTimeout  stm32f4xx_hal_i2c.o
    0x08005846   0x08005846   0x000000c4   Code   RO         4217    i.I2C_WaitOnMasterAddressFlagUntilTimeout  stm32f4xx_hal_i2c.o
    0x0800590a   0x0800590a   0x00000080   Code   RO         4218    i.I2C_WaitOnRXNEFlagUntilTimeout  stm32f4xx_hal_i2c.o
    0x0800598a   0x0800598a   0x0000005c   Code   RO         4220    i.I2C_WaitOnTXEFlagUntilTimeout  stm32f4xx_hal_i2c.o
    0x080059e6   0x080059e6   0x0000003e   Code   RO          864    i.IntToUnicode      usbd_desc.o
    0x08005a24   0x08005a24   0x00000044   Code   RO          380    i.MX_CAN1_Init      can.o
    0x08005a68   0x08005a68   0x00000044   Code   RO          381    i.MX_CAN2_Init      can.o
    0x08005aac   0x08005aac   0x00000078   Code   RO          427    i.MX_DMA_Init       dma.o
    0x08005b24   0x08005b24   0x000000b8   Code   RO          311    i.MX_FREERTOS_Init  freertos.o
    0x08005bdc   0x08005bdc   0x000001c0   Code   RO          286    i.MX_GPIO_Init      gpio.o
    0x08005d9c   0x08005d9c   0x0000003c   Code   RO          453    i.MX_I2C3_Init      i2c.o
    0x08005dd8   0x08005dd8   0x00000048   Code   RO          495    i.MX_SPI1_Init      spi.o
    0x08005e20   0x08005e20   0x0000006c   Code   RO          538    i.MX_TIM10_Init     tim.o
    0x08005e8c   0x08005e8c   0x0000003c   Code   RO          585    i.MX_USART3_UART_Init  usart.o
    0x08005ec8   0x08005ec8   0x0000004c   Code   RO          832    i.MX_USB_DEVICE_Init  usb_device.o
    0x08005f14   0x08005f14   0x00000004   Code   RO          636    i.MemManage_Handler  stm32f4xx_it.o
    0x08005f18   0x08005f18   0x00000048   Code   RO         7398    i.MotorCheck        can_motor.o
    0x08005f60   0x08005f60   0x00000004   Code   RO          637    i.NMI_Handler       stm32f4xx_it.o
    0x08005f64   0x08005f64   0x00000010   Code   RO          638    i.OTG_FS_IRQHandler  stm32f4xx_it.o
    0x08005f74   0x08005f74   0x0000008c   Code   RO         2188    i.PCD_EP_OutSetupPacket_int  stm32f4xx_hal_pcd.o
    0x08006000   0x08006000   0x00000180   Code   RO         2189    i.PCD_EP_OutXfrComplete_int  stm32f4xx_hal_pcd.o
    0x08006180   0x08006180   0x000000b6   Code   RO         2190    i.PCD_WriteEmptyTxFifo  stm32f4xx_hal_pcd.o
    0x08006236   0x08006236   0x00000002   PAD
    0x08006238   0x08006238   0x000001f0   Code   RO         7104    i.PID_calc          pid.o
    0x08006428   0x08006428   0x0000004c   Code   RO         7105    i.PID_clear         pid.o
    0x08006474   0x08006474   0x0000002c   Code   RO         7399    i.PID_clear_t       can_motor.o
    0x080064a0   0x080064a0   0x00000060   Code   RO         7106    i.PID_init          pid.o
    0x08006500   0x08006500   0x000003a8   Code   RO         7400    i.PIDcalcTask03     can_motor.o
    0x080068a8   0x080068a8   0x0000273c   Code   RO         8464    i.SPI1_DMA_enable   bsp_spi.o
    0x08008fe4   0x08008fe4   0x00000180   Code   RO         8465    i.SPI1_DMA_init     bsp_spi.o
    0x08009164   0x08009164   0x0000006c   Code   RO         4671    i.SPI_EndRxTxTransaction  stm32f4xx_hal_spi.o
    0x080091d0   0x080091d0   0x000000a8   Code   RO         4676    i.SPI_WaitFlagStateUntilTimeout  stm32f4xx_hal_spi.o
    0x08009278   0x08009278   0x00000034   Code   RO         6585    i.SysTick_Handler   port.o
    0x080092ac   0x080092ac   0x000000b4   Code   RO           15    i.SystemClock_Config  main.o
    0x08009360   0x08009360   0x00000064   Code   RO         5276    i.SystemInit        system_stm32f4xx.o
    0x080093c4   0x080093c4   0x00000018   Code   RO          639    i.TIM1_UP_TIM10_IRQHandler  stm32f4xx_it.o
    0x080093dc   0x080093dc   0x000000d8   Code   RO         1307    i.TIM_Base_SetConfig  stm32f4xx_hal_tim.o
    0x080094b4   0x080094b4   0x00000070   Code   RO         1320    i.TIM_OC1_SetConfig  stm32f4xx_hal_tim.o
    0x08009524   0x08009524   0x0000007c   Code   RO         1321    i.TIM_OC2_SetConfig  stm32f4xx_hal_tim.o
    0x080095a0   0x080095a0   0x00000078   Code   RO         1322    i.TIM_OC3_SetConfig  stm32f4xx_hal_tim.o
    0x08009618   0x08009618   0x00000054   Code   RO         1323    i.TIM_OC4_SetConfig  stm32f4xx_hal_tim.o
    0x0800966c   0x0800966c   0x00000368   Code   RO         4996    i.UART_SetConfig    stm32f4xx_hal_uart.o
    0x080099d4   0x080099d4   0x0000007c   Code   RO         6957    i.USBD_CDC_DataIn   usbd_cdc.o
    0x08009a50   0x08009a50   0x00000034   Code   RO         6958    i.USBD_CDC_DataOut  usbd_cdc.o
    0x08009a84   0x08009a84   0x0000004e   Code   RO         6959    i.USBD_CDC_DeInit   usbd_cdc.o
    0x08009ad2   0x08009ad2   0x00000032   Code   RO         6960    i.USBD_CDC_EP0_RxReady  usbd_cdc.o
    0x08009b04   0x08009b04   0x00000010   Code   RO         6961    i.USBD_CDC_GetDeviceQualifierDescriptor  usbd_cdc.o
    0x08009b14   0x08009b14   0x00000010   Code   RO         6962    i.USBD_CDC_GetFSCfgDesc  usbd_cdc.o
    0x08009b24   0x08009b24   0x00000010   Code   RO         6963    i.USBD_CDC_GetHSCfgDesc  usbd_cdc.o
    0x08009b34   0x08009b34   0x00000010   Code   RO         6964    i.USBD_CDC_GetOtherSpeedCfgDesc  usbd_cdc.o
    0x08009b44   0x08009b44   0x000000b8   Code   RO         6965    i.USBD_CDC_Init     usbd_cdc.o
    0x08009bfc   0x08009bfc   0x0000003a   Code   RO         6966    i.USBD_CDC_ReceivePacket  usbd_cdc.o
    0x08009c36   0x08009c36   0x0000000e   Code   RO         6967    i.USBD_CDC_RegisterInterface  usbd_cdc.o
    0x08009c44   0x08009c44   0x0000000e   Code   RO         6968    i.USBD_CDC_SetRxBuffer  usbd_cdc.o
    0x08009c52   0x08009c52   0x00000014   Code   RO         6969    i.USBD_CDC_SetTxBuffer  usbd_cdc.o
    0x08009c66   0x08009c66   0x000000f4   Code   RO         6970    i.USBD_CDC_Setup    usbd_cdc.o
    0x08009d5a   0x08009d5a   0x0000003e   Code   RO         6971    i.USBD_CDC_TransmitPacket  usbd_cdc.o
    0x08009d98   0x08009d98   0x00000016   Code   RO         6664    i.USBD_ClrClassConfig  usbd_core.o
    0x08009dae   0x08009dae   0x0000003e   Code   RO         6802    i.USBD_ClrFeature   usbd_ctlreq.o
    0x08009dec   0x08009dec   0x00000018   Code   RO         6897    i.USBD_CtlContinueRx  usbd_ioreq.o
    0x08009e04   0x08009e04   0x00000018   Code   RO         6898    i.USBD_CtlContinueSendData  usbd_ioreq.o
    0x08009e1c   0x08009e1c   0x00000018   Code   RO         6803    i.USBD_CtlError     usbd_ctlreq.o
    0x08009e34   0x08009e34   0x00000028   Code   RO         6899    i.USBD_CtlPrepareRx  usbd_ioreq.o
    0x08009e5c   0x08009e5c   0x0000001a   Code   RO         6900    i.USBD_CtlReceiveStatus  usbd_ioreq.o
    0x08009e76   0x08009e76   0x00000022   Code   RO         6901    i.USBD_CtlSendData  usbd_ioreq.o
    0x08009e98   0x08009e98   0x0000001a   Code   RO         6902    i.USBD_CtlSendStatus  usbd_ioreq.o
    0x08009eb2   0x08009eb2   0x00000002   PAD
    0x08009eb4   0x08009eb4   0x00000034   Code   RO          865    i.USBD_FS_ConfigStrDescriptor  usbd_desc.o
    0x08009ee8   0x08009ee8   0x00000010   Code   RO          866    i.USBD_FS_DeviceDescriptor  usbd_desc.o
    0x08009ef8   0x08009ef8   0x00000038   Code   RO          867    i.USBD_FS_InterfaceStrDescriptor  usbd_desc.o
    0x08009f30   0x08009f30   0x00000010   Code   RO          868    i.USBD_FS_LangIDStrDescriptor  usbd_desc.o
    0x08009f40   0x08009f40   0x0000001c   Code   RO          869    i.USBD_FS_ManufacturerStrDescriptor  usbd_desc.o
    0x08009f5c   0x08009f5c   0x00000030   Code   RO          870    i.USBD_FS_ProductStrDescriptor  usbd_desc.o
    0x08009f8c   0x08009f8c   0x00000018   Code   RO          871    i.USBD_FS_SerialStrDescriptor  usbd_desc.o
    0x08009fa4   0x08009fa4   0x00000056   Code   RO         6804    i.USBD_GetConfig    usbd_ctlreq.o
    0x08009ffa   0x08009ffa   0x00000152   Code   RO         6805    i.USBD_GetDescriptor  usbd_ctlreq.o
    0x0800a14c   0x0800a14c   0x00000014   Code   RO         6806    i.USBD_GetLen       usbd_ctlreq.o
    0x0800a160   0x0800a160   0x0000005a   Code   RO         6807    i.USBD_GetStatus    usbd_ctlreq.o
    0x0800a1ba   0x0800a1ba   0x00000052   Code   RO         6808    i.USBD_GetString    usbd_ctlreq.o
    0x0800a20c   0x0800a20c   0x0000002c   Code   RO         1023    i.USBD_Get_USB_Status  usbd_conf.o
    0x0800a238   0x0800a238   0x00000032   Code   RO         6666    i.USBD_Init         usbd_core.o
    0x0800a26a   0x0800a26a   0x00000026   Code   RO         1024    i.USBD_LL_ClearStallEP  usbd_conf.o
    0x0800a290   0x0800a290   0x00000026   Code   RO         1025    i.USBD_LL_CloseEP   usbd_conf.o
    0x0800a2b6   0x0800a2b6   0x00000100   Code   RO         6667    i.USBD_LL_DataInStage  usbd_core.o
    0x0800a3b6   0x0800a3b6   0x000000a6   Code   RO         6668    i.USBD_LL_DataOutStage  usbd_core.o
    0x0800a45c   0x0800a45c   0x00000006   Code   RO         6669    i.USBD_LL_DevConnected  usbd_core.o
    0x0800a462   0x0800a462   0x0000001a   Code   RO         6670    i.USBD_LL_DevDisconnected  usbd_core.o
    0x0800a47c   0x0800a47c   0x00000012   Code   RO         1029    i.USBD_LL_GetRxDataSize  usbd_conf.o
    0x0800a48e   0x0800a48e   0x00000002   PAD
    0x0800a490   0x0800a490   0x00000068   Code   RO         1030    i.USBD_LL_Init      usbd_conf.o
    0x0800a4f8   0x0800a4f8   0x00000038   Code   RO         1031    i.USBD_LL_IsStallEP  usbd_conf.o
    0x0800a530   0x0800a530   0x00000006   Code   RO         6671    i.USBD_LL_IsoINIncomplete  usbd_core.o
    0x0800a536   0x0800a536   0x00000006   Code   RO         6672    i.USBD_LL_IsoOUTIncomplete  usbd_core.o
    0x0800a53c   0x0800a53c   0x00000030   Code   RO         1032    i.USBD_LL_OpenEP    usbd_conf.o
    0x0800a56c   0x0800a56c   0x00000030   Code   RO         1033    i.USBD_LL_PrepareReceive  usbd_conf.o
    0x0800a59c   0x0800a59c   0x0000005c   Code   RO         6673    i.USBD_LL_Reset     usbd_core.o
    0x0800a5f8   0x0800a5f8   0x0000000e   Code   RO         6674    i.USBD_LL_Resume    usbd_core.o
    0x0800a606   0x0800a606   0x00000022   Code   RO         6675    i.USBD_LL_SOF       usbd_core.o
    0x0800a628   0x0800a628   0x00000008   Code   RO         6676    i.USBD_LL_SetSpeed  usbd_core.o
    0x0800a630   0x0800a630   0x00000026   Code   RO         1034    i.USBD_LL_SetUSBAddress  usbd_conf.o
    0x0800a656   0x0800a656   0x0000006e   Code   RO         6677    i.USBD_LL_SetupStage  usbd_core.o
    0x0800a6c4   0x0800a6c4   0x00000026   Code   RO         1035    i.USBD_LL_StallEP   usbd_conf.o
    0x0800a6ea   0x0800a6ea   0x0000001e   Code   RO         1036    i.USBD_LL_Start     usbd_conf.o
    0x0800a708   0x0800a708   0x00000014   Code   RO         6678    i.USBD_LL_Suspend   usbd_core.o
    0x0800a71c   0x0800a71c   0x00000030   Code   RO         1038    i.USBD_LL_Transmit  usbd_conf.o
    0x0800a74c   0x0800a74c   0x00000028   Code   RO         6809    i.USBD_ParseSetupRequest  usbd_ctlreq.o
    0x0800a774   0x0800a774   0x00000010   Code   RO         6679    i.USBD_RegisterClass  usbd_core.o
    0x0800a784   0x0800a784   0x00000006   Code   RO         6680    i.USBD_RunTestMode  usbd_core.o
    0x0800a78a   0x0800a78a   0x0000005a   Code   RO         6810    i.USBD_SetAddress   usbd_ctlreq.o
    0x0800a7e4   0x0800a7e4   0x00000022   Code   RO         6681    i.USBD_SetClassConfig  usbd_core.o
    0x0800a806   0x0800a806   0x00000002   PAD
    0x0800a808   0x0800a808   0x000000e8   Code   RO         6811    i.USBD_SetConfig    usbd_ctlreq.o
    0x0800a8f0   0x0800a8f0   0x00000018   Code   RO         6812    i.USBD_SetFeature   usbd_ctlreq.o
    0x0800a908   0x0800a908   0x0000000e   Code   RO         6682    i.USBD_Start        usbd_core.o
    0x0800a916   0x0800a916   0x000000a2   Code   RO         6813    i.USBD_StdDevReq    usbd_ctlreq.o
    0x0800a9b8   0x0800a9b8   0x00000238   Code   RO         6814    i.USBD_StdEPReq     usbd_ctlreq.o
    0x0800abf0   0x0800abf0   0x0000007e   Code   RO         6815    i.USBD_StdItfReq    usbd_ctlreq.o
    0x0800ac6e   0x0800ac6e   0x00000002   Code   RO         1039    i.USBD_static_free  usbd_conf.o
    0x0800ac70   0x0800ac70   0x0000000c   Code   RO         1040    i.USBD_static_malloc  usbd_conf.o
    0x0800ac7c   0x0800ac7c   0x000000d0   Code   RO         2424    i.USB_ActivateEndpoint  stm32f4xx_ll_usb.o
    0x0800ad4c   0x0800ad4c   0x00000046   Code   RO         2426    i.USB_ActivateSetup  stm32f4xx_ll_usb.o
    0x0800ad92   0x0800ad92   0x00000002   PAD
    0x0800ad94   0x0800ad94   0x00000084   Code   RO         2428    i.USB_CoreInit      stm32f4xx_ll_usb.o
    0x0800ae18   0x0800ae18   0x0000004c   Code   RO         2429    i.USB_CoreReset     stm32f4xx_ll_usb.o
    0x0800ae64   0x0800ae64   0x000000c4   Code   RO         2432    i.USB_DeactivateEndpoint  stm32f4xx_ll_usb.o
    0x0800af28   0x0800af28   0x00000020   Code   RO         2433    i.USB_DevConnect    stm32f4xx_ll_usb.o
    0x0800af48   0x0800af48   0x00000020   Code   RO         2434    i.USB_DevDisconnect  stm32f4xx_ll_usb.o
    0x0800af68   0x0800af68   0x000001f4   Code   RO         2435    i.USB_DevInit       stm32f4xx_ll_usb.o
    0x0800b15c   0x0800b15c   0x0000000e   Code   RO         2436    i.USB_DisableGlobalInt  stm32f4xx_ll_usb.o
    0x0800b16a   0x0800b16a   0x00000002   PAD
    0x0800b16c   0x0800b16c   0x000001d8   Code   RO         2439    i.USB_EP0StartXfer  stm32f4xx_ll_usb.o
    0x0800b344   0x0800b344   0x00000070   Code   RO         2440    i.USB_EP0_OutStart  stm32f4xx_ll_usb.o
    0x0800b3b4   0x0800b3b4   0x0000008e   Code   RO         2441    i.USB_EPClearStall  stm32f4xx_ll_usb.o
    0x0800b442   0x0800b442   0x0000009a   Code   RO         2442    i.USB_EPSetStall    stm32f4xx_ll_usb.o
    0x0800b4dc   0x0800b4dc   0x00000344   Code   RO         2443    i.USB_EPStartXfer   stm32f4xx_ll_usb.o
    0x0800b820   0x0800b820   0x0000000e   Code   RO         2444    i.USB_EnableGlobalInt  stm32f4xx_ll_usb.o
    0x0800b82e   0x0800b82e   0x00000002   PAD
    0x0800b830   0x0800b830   0x0000002c   Code   RO         2445    i.USB_FlushRxFifo   stm32f4xx_ll_usb.o
    0x0800b85c   0x0800b85c   0x00000030   Code   RO         2446    i.USB_FlushTxFifo   stm32f4xx_ll_usb.o
    0x0800b88c   0x0800b88c   0x00000026   Code   RO         2448    i.USB_GetDevSpeed   stm32f4xx_ll_usb.o
    0x0800b8b2   0x0800b8b2   0x0000000a   Code   RO         2450    i.USB_GetMode       stm32f4xx_ll_usb.o
    0x0800b8bc   0x0800b8bc   0x00000014   Code   RO         2457    i.USB_ReadDevAllInEpInterrupt  stm32f4xx_ll_usb.o
    0x0800b8d0   0x0800b8d0   0x00000014   Code   RO         2458    i.USB_ReadDevAllOutEpInterrupt  stm32f4xx_ll_usb.o
    0x0800b8e4   0x0800b8e4   0x00000032   Code   RO         2459    i.USB_ReadDevInEPInterrupt  stm32f4xx_ll_usb.o
    0x0800b916   0x0800b916   0x0000001a   Code   RO         2460    i.USB_ReadDevOutEPInterrupt  stm32f4xx_ll_usb.o
    0x0800b930   0x0800b930   0x0000000a   Code   RO         2461    i.USB_ReadInterrupts  stm32f4xx_ll_usb.o
    0x0800b93a   0x0800b93a   0x00000022   Code   RO         2462    i.USB_ReadPacket    stm32f4xx_ll_usb.o
    0x0800b95c   0x0800b95c   0x00000036   Code   RO         2464    i.USB_SetCurrentMode  stm32f4xx_ll_usb.o
    0x0800b992   0x0800b992   0x0000002a   Code   RO         2465    i.USB_SetDevAddress  stm32f4xx_ll_usb.o
    0x0800b9bc   0x0800b9bc   0x00000012   Code   RO         2466    i.USB_SetDevSpeed   stm32f4xx_ll_usb.o
    0x0800b9ce   0x0800b9ce   0x00000002   PAD
    0x0800b9d0   0x0800b9d0   0x000000e8   Code   RO         2467    i.USB_SetTurnaroundTime  stm32f4xx_ll_usb.o
    0x0800bab8   0x0800bab8   0x0000003c   Code   RO         2470    i.USB_WritePacket   stm32f4xx_ll_usb.o
    0x0800baf4   0x0800baf4   0x00000004   Code   RO          640    i.UsageFault_Handler  stm32f4xx_it.o
    0x0800baf8   0x0800baf8   0x00000026   Code   RO         8899    i.__ARM_fpclassifyf  m_wm.l(fpclassifyf.o)
    0x0800bb1e   0x0800bb1e   0x00000002   PAD
    0x0800bb20   0x0800bb20   0x00000010   Code   RO         3531    i.__NVIC_GetPriorityGrouping  stm32f4xx_hal_cortex.o
    0x0800bb30   0x0800bb30   0x00000028   Code   RO         3532    i.__NVIC_SetPriority  stm32f4xx_hal_cortex.o
    0x0800bb58   0x0800bb58   0x0000012c   Code   RO         8795    i.__hardfp_asinf    m_wm.l(asinf.o)
    0x0800bc84   0x0800bc84   0x00000250   Code   RO         8807    i.__hardfp_atan2f   m_wm.l(atan2f.o)
    0x0800bed4   0x0800bed4   0x00000190   Code   RO         8819    i.__hardfp_sinf     m_wm.l(sinf.o)
    0x0800c064   0x0800c064   0x0000003a   Code   RO         8849    i.__hardfp_sqrtf    m_wm.l(sqrtf_full.o)
    0x0800c09e   0x0800c09e   0x00000006   Code   RO         8902    i.__mathlib_flt_infnan  m_wm.l(funder.o)
    0x0800c0a4   0x0800c0a4   0x00000006   Code   RO         8903    i.__mathlib_flt_infnan2  m_wm.l(funder.o)
    0x0800c0aa   0x0800c0aa   0x00000002   PAD
    0x0800c0ac   0x0800c0ac   0x00000010   Code   RO         8904    i.__mathlib_flt_invalid  m_wm.l(funder.o)
    0x0800c0bc   0x0800c0bc   0x00000010   Code   RO         8907    i.__mathlib_flt_underflow  m_wm.l(funder.o)
    0x0800c0cc   0x0800c0cc   0x00000154   Code   RO         8915    i.__mathlib_rredf2  m_wm.l(rredf.o)
    0x0800c220   0x0800c220   0x000001d0   Code   RO         8575    i.accel_comple_filter  AHRS.lib(ahrs.o)
    0x0800c3f0   0x0800c3f0   0x0000018c   Code   RO         8576    i.accel_update_kp_ki  AHRS.lib(ahrs.o)
    0x0800c57c   0x0800c57c   0x0000016c   Code   RO         8577    i.angle_to_quat     AHRS.lib(ahrs.o)
    0x0800c6e8   0x0800c6e8   0x00000134   Code   RO         7772    i.bmi088_accel_init  bmi088driver.o
    0x0800c81c   0x0800c81c   0x000002fc   Code   RO         7773    i.bmi088_accel_self_test  bmi088driver.o
    0x0800cb18   0x0800cb18   0x000000f4   Code   RO         7774    i.bmi088_gyro_init  bmi088driver.o
    0x0800cc0c   0x0800cc0c   0x000000d0   Code   RO         7775    i.bmi088_gyro_self_test  bmi088driver.o
    0x0800ccdc   0x0800ccdc   0x0000005c   Code   RO         8310    i.can_filter_init   bsp_can.o
    0x0800cd38   0x0800cd38   0x0000007c   Code   RO         7401    i.can_motorTask04   can_motor.o
    0x0800cdb4   0x0800cdb4   0x00000030   Code   RO         8338    i.delay_init        bsp_delay.o
    0x0800cde4   0x0800cde4   0x00000050   Code   RO         8340    i.delay_us          bsp_delay.o
    0x0800ce34   0x0800ce34   0x000000e8   Code   RO         8578    i.get_angle         AHRS.lib(ahrs.o)
    0x0800cf1c   0x0800cf1c   0x0000012c   Code   RO         7228    i.imu_cali_slove    ins_task.o
    0x0800d048   0x0800d048   0x000001a8   Code   RO         7229    i.imu_cmd_spi_dma   ins_task.o
    0x0800d1f0   0x0800d1f0   0x00000002   Code   RO         8101    i.ist8310_GPIO_init  ist8310driver_middleware.o
    0x0800d1f2   0x0800d1f2   0x00000002   PAD
    0x0800d1f4   0x0800d1f4   0x00000028   Code   RO         8103    i.ist8310_IIC_read_single_reg  ist8310driver_middleware.o
    0x0800d21c   0x0800d21c   0x00000028   Code   RO         8105    i.ist8310_IIC_write_single_reg  ist8310driver_middleware.o
    0x0800d244   0x0800d244   0x00000014   Code   RO         8106    i.ist8310_RST_H     ist8310driver_middleware.o
    0x0800d258   0x0800d258   0x00000014   Code   RO         8107    i.ist8310_RST_L     ist8310driver_middleware.o
    0x0800d26c   0x0800d26c   0x00000002   Code   RO         8108    i.ist8310_com_init  ist8310driver_middleware.o
    0x0800d26e   0x0800d26e   0x0000000c   Code   RO         8109    i.ist8310_delay_ms  ist8310driver_middleware.o
    0x0800d27a   0x0800d27a   0x00000002   PAD
    0x0800d27c   0x0800d27c   0x00000094   Code   RO         8066    i.ist8310_init      ist8310driver.o
    0x0800d310   0x0800d310   0x0000003c   Code   RO           16    i.main              main.o
    0x0800d34c   0x0800d34c   0x0000000e   Code   RO         6144    i.makeFreeRtosPriority  cmsis_os.o
    0x0800d35a   0x0800d35a   0x00000012   Code   RO         7402    i.motorData_Init    can_motor.o
    0x0800d36c   0x0800d36c   0x00000018   Code   RO         6146    i.osDelay           cmsis_os.o
    0x0800d384   0x0800d384   0x0000000a   Code   RO         6149    i.osKernelStart     cmsis_os.o
    0x0800d38e   0x0800d38e   0x00000028   Code   RO         6158    i.osMessageCreate   cmsis_os.o
    0x0800d3b6   0x0800d3b6   0x0000005e   Code   RO         6183    i.osThreadCreate    cmsis_os.o
    0x0800d414   0x0800d414   0x00000030   Code   RO         5790    i.pcTaskGetName     tasks.o
    0x0800d444   0x0800d444   0x000000a4   Code   RO         5791    i.prvAddCurrentTaskToDelayedList  tasks.o
    0x0800d4e8   0x0800d4e8   0x000000b4   Code   RO         5792    i.prvAddNewTaskToReadyList  tasks.o
    0x0800d59c   0x0800d59c   0x00000048   Code   RO         5793    i.prvCheckTasksWaitingTermination  tasks.o
    0x0800d5e4   0x0800d5e4   0x00000050   Code   RO         5794    i.prvDeleteTCB      tasks.o
    0x0800d634   0x0800d634   0x0000007c   Code   RO         6523    i.prvHeapInit       heap_4.o
    0x0800d6b0   0x0800d6b0   0x00000028   Code   RO         5795    i.prvIdleTask       tasks.o
    0x0800d6d8   0x0800d6d8   0x00000026   Code   RO         5457    i.prvInitialiseNewQueue  queue.o
    0x0800d6fe   0x0800d6fe   0x000000b8   Code   RO         5796    i.prvInitialiseNewTask  tasks.o
    0x0800d7b6   0x0800d7b6   0x00000002   PAD
    0x0800d7b8   0x0800d7b8   0x00000068   Code   RO         5797    i.prvInitialiseTaskLists  tasks.o
    0x0800d820   0x0800d820   0x00000068   Code   RO         6524    i.prvInsertBlockIntoFreeList  heap_4.o
    0x0800d888   0x0800d888   0x00000034   Code   RO         5798    i.prvResetNextTaskUnblockTime  tasks.o
    0x0800d8bc   0x0800d8bc   0x0000009e   Code   RO         5799    i.prvSearchForNameWithinSingleList  tasks.o
    0x0800d95a   0x0800d95a   0x00000002   PAD
    0x0800d95c   0x0800d95c   0x00000040   Code   RO         6586    i.prvTaskExitError  port.o
    0x0800d99c   0x0800d99c   0x0000013c   Code   RO         6525    i.pvPortMalloc      heap_4.o
    0x0800dad8   0x0800dad8   0x0000002c   Code   RO         6587    i.pxPortInitialiseStack  port.o
    0x0800db04   0x0800db04   0x00000084   Code   RO         8583    i.quat_normalization  AHRS.lib(ahrs.o)
    0x0800db88   0x0800db88   0x0000008c   Code   RO         7403    i.sin_wave          can_motor.o
    0x0800dc14   0x0800dc14   0x0000003e   Code   RO         8851    i.sqrtf             m_wm.l(sqrtf_full.o)
    0x0800dc52   0x0800dc52   0x00000002   PAD
    0x0800dc54   0x0800dc54   0x00000074   Code   RO         5803    i.ulTaskNotifyTake  tasks.o
    0x0800dcc8   0x0800dcc8   0x0000007a   Code   RO         8584    i.update_w          AHRS.lib(ahrs.o)
    0x0800dd42   0x0800dd42   0x00000002   PAD
    0x0800dd44   0x0800dd44   0x000000a8   Code   RO         7404    i.usbTask01         can_motor.o
    0x0800ddec   0x0800ddec   0x00000010   Code   RO         8180    i.usb_data_send     bsp_usb.o
    0x0800ddfc   0x0800ddfc   0x00000018   Code   RO         8181    i.usb_init          bsp_usb.o
    0x0800de14   0x0800de14   0x00000028   Code   RO         5413    i.uxListRemove      list.o
    0x0800de3c   0x0800de3c   0x00000018   Code   RO          315    i.vApplicationGetIdleTaskMemory  freertos.o
    0x0800de54   0x0800de54   0x0000001a   Code   RO         5414    i.vListInitialise   list.o
    0x0800de6e   0x0800de6e   0x00000006   Code   RO         5415    i.vListInitialiseItem  list.o
    0x0800de74   0x0800de74   0x00000034   Code   RO         5416    i.vListInsert       list.o
    0x0800dea8   0x0800dea8   0x00000018   Code   RO         5417    i.vListInsertEnd    list.o
    0x0800dec0   0x0800dec0   0x00000054   Code   RO         6589    i.vPortEnterCritical  port.o
    0x0800df14   0x0800df14   0x0000003c   Code   RO         6590    i.vPortExitCritical  port.o
    0x0800df50   0x0800df50   0x00000094   Code   RO         6526    i.vPortFree         heap_4.o
    0x0800dfe4   0x0800dfe4   0x00000028   Code   RO         6591    i.vPortSetupTimerInterrupt  port.o
    0x0800e00c   0x0800e00c   0x00000078   Code   RO         6592    i.vPortValidateInterruptPriority  port.o
    0x0800e084   0x0800e084   0x0000005c   Code   RO         5809    i.vTaskDelay        tasks.o
    0x0800e0e0   0x0800e0e0   0x000000f0   Code   RO         5815    i.vTaskNotifyGiveFromISR  tasks.o
    0x0800e1d0   0x0800e1d0   0x000000b0   Code   RO         5823    i.vTaskStartScheduler  tasks.o
    0x0800e280   0x0800e280   0x00000010   Code   RO         5825    i.vTaskSuspendAll   tasks.o
    0x0800e290   0x0800e290   0x0000008c   Code   RO         5826    i.vTaskSwitchContext  tasks.o
    0x0800e31c   0x0800e31c   0x00000168   Code   RO         6593    i.xPortStartScheduler  port.o
    0x0800e484   0x0800e484   0x0000005e   Code   RO         5469    i.xQueueGenericCreate  queue.o
    0x0800e4e2   0x0800e4e2   0x000000de   Code   RO         5470    i.xQueueGenericCreateStatic  queue.o
    0x0800e5c0   0x0800e5c0   0x00000098   Code   RO         5471    i.xQueueGenericReset  queue.o
    0x0800e658   0x0800e658   0x00000064   Code   RO         5829    i.xTaskCreate       tasks.o
    0x0800e6bc   0x0800e6bc   0x000000b8   Code   RO         5830    i.xTaskCreateStatic  tasks.o
    0x0800e774   0x0800e774   0x000000a4   Code   RO         5834    i.xTaskGetHandle    tasks.o
    0x0800e818   0x0800e818   0x00000020   Code   RO         5835    i.xTaskGetSchedulerState  tasks.o
    0x0800e838   0x0800e838   0x00000148   Code   RO         5838    i.xTaskIncrementTick  tasks.o
    0x0800e980   0x0800e980   0x00000098   Code   RO         5843    i.xTaskRemoveFromEventList  tasks.o
    0x0800ea18   0x0800ea18   0x00000104   Code   RO         5844    i.xTaskResumeAll    tasks.o
    0x0800eb1c   0x0800eb1c   0x000002c4   Code   RO         8761    x$fpl$d2f           g_wm.l(d2f_clz.o)
    0x0800ede0   0x0800ede0   0x0000024c   Code   RO         8763    x$fpl$dadd          g_wm.l(daddsub_clz.o)
    0x0800f02c   0x0800f02c   0x0000037c   Code   RO         8770    x$fpl$ddiv          g_wm.l(ddiv_clz.o)
    0x0800f3a8   0x0800f3a8   0x0000002e   Code   RO         8774    x$fpl$dflt          g_wm.l(dflt_clz.o)
    0x0800f3d6   0x0800f3d6   0x00000002   PAD
    0x0800f3d8   0x0800f3d8   0x000001c0   Code   RO         8779    x$fpl$dmul          g_wm.l(dmul_clz.o)
    0x0800f598   0x0800f598   0x00000102   Code   RO         8878    x$fpl$dnaninf       g_wm.l(dnaninf.o)
    0x0800f69a   0x0800f69a   0x00000070   Code   RO         8880    x$fpl$drenorm       g_wm.l(drenorm_clz.o)
    0x0800f70a   0x0800f70a   0x0000000c   Code   RO         8882    x$fpl$dretinf       g_wm.l(dretinf.o)
    0x0800f716   0x0800f716   0x00000002   PAD
    0x0800f718   0x0800f718   0x0000029c   Code   RO         8765    x$fpl$dsub          g_wm.l(daddsub_clz.o)
    0x0800f9b4   0x0800f9b4   0x0000017a   Code   RO         8886    x$fpl$dunder        g_wm.l(dunder_clz.o)
    0x0800fb2e   0x0800fb2e   0x00000002   PAD
    0x0800fb30   0x0800fb30   0x000001ec   Code   RO         8888    x$fpl$exception     g_wm.l(except.o)
    0x0800fd1c   0x0800fd1c   0x0000000a   Code   RO         9031    x$fpl$fpinit        g_wm.l(fpinit.o)
    0x0800fd26   0x0800fd26   0x0000000a   Code   RO         8892    x$fpl$fretinf       g_wm.l(fretinf.o)
    0x0800fd30   0x0800fd30   0x0000013c   Code   RO         8894    x$fpl$funder        g_wm.l(funder_clz.o)
    0x0800fe6c   0x0800fe6c   0x000000b2   Code   RO         8944    x$fpl$retnan        g_wm.l(retnan.o)
    0x0800ff1e   0x0800ff1e   0x0000007e   Code   RO         8896    x$fpl$trapveneer    g_wm.l(trapv.o)
    0x0800ff9c   0x0800ff9c   0x00000000   Code   RO         8898    x$fpl$usenofp       g_wm.l(usenofp.o)
    0x0800ff9c   0x0800ff9c   0x00000090   Data   RO          317    .constdata          freertos.o
    0x0801002c   0x0801002c   0x00000008   Data   RO         3248    .constdata          stm32f4xx_hal_dma.o
    0x08010034   0x08010034   0x00000018   Data   RO         5277    .constdata          system_stm32f4xx.o
    0x0801004c   0x0801004c   0x00000118   Data   RO         7231    .constdata          ins_task.o
    0x08010164   0x08010164   0x00000012   Data   RO         7780    .constdata          bmi088driver.o
    0x08010176   0x08010176   0x0000000c   Data   RO         8069    .constdata          ist8310driver.o
    0x08010182   0x08010182   0x00000002   PAD
    0x08010184   0x08010184   0x0000000c   Data   RO         8585    .constdata          AHRS.lib(ahrs.o)
    0x08010190   0x08010190   0x00000804   Data   RO         8718    .constdata          arm_cortexM4lf_math.lib(arm_common_tables.o)
    0x08010994   0x08010994   0x00000020   Data   RO         8916    .constdata          m_wm.l(rredf.o)
    0x080109b4   0x080109b4   0x00000030   Data   RO          318    .conststring        freertos.o
    0x080109e4   0x080109e4   0x00000020   Data   RO         9087    Region$$Table       anon$$obj.o


    Execution Region RW_IRAM1 (Exec base: 0x20000000, Load base: 0x08010a04, Size: 0x0000dd48, Max: 0x0001c000, ABSOLUTE, COMPRESSED[0x00000150])

    Exec Addr    Load Addr    Size         Type   Attr      Idx    E Section Name        Object

    0x20000000   COMPRESSED   0x00000018   Data   RW          319    .data               freertos.o
    0x20000018   COMPRESSED   0x00000004   Data   RW          383    .data               can.o
    0x2000001c   COMPRESSED   0x0000004e   Data   RW          873    .data               usbd_desc.o
    0x2000006a   COMPRESSED   0x00000002   PAD
    0x2000006c   COMPRESSED   0x00000010   Data   RW          960    .data               usbd_cdc_if.o
    0x2000007c   COMPRESSED   0x00000009   Data   RW         3680    .data               stm32f4xx_hal.o
    0x20000085   COMPRESSED   0x00000003   PAD
    0x20000088   COMPRESSED   0x00000004   Data   RW         5278    .data               system_stm32f4xx.o
    0x2000008c   COMPRESSED   0x0000003c   Data   RW         5847    .data               tasks.o
    0x200000c8   COMPRESSED   0x00000018   Data   RW         6531    .data               heap_4.o
    0x200000e0   COMPRESSED   0x0000000c   Data   RW         6594    .data               port.o
    0x200000ec   COMPRESSED   0x00000001   Data   RW         6816    .data               usbd_ctlreq.o
    0x200000ed   COMPRESSED   0x00000003   PAD
    0x200000f0   COMPRESSED   0x0000010f   Data   RW         6972    .data               usbd_cdc.o
    0x200001ff   COMPRESSED   0x00000001   PAD
    0x20000200   COMPRESSED   0x000000b4   Data   RW         7232    .data               ins_task.o
    0x200002b4   COMPRESSED   0x0000005c   Data   RW         7407    .data               can_motor.o
    0x20000310   COMPRESSED   0x0000002c   Data   RW         7781    .data               bmi088driver.o
    0x2000033c   COMPRESSED   0x00000008   Data   RW         8341    .data               bsp_delay.o
    0x20000344   COMPRESSED   0x00000010   Data   RW         8586    .data               AHRS.lib(ahrs.o)
    0x20000354        -       0x00000254   Zero   RW          316    .bss                freertos.o
    0x200005a8        -       0x00000050   Zero   RW          382    .bss                can.o
    0x200005f8        -       0x00000054   Zero   RW          454    .bss                i2c.o
    0x2000064c        -       0x00000118   Zero   RW          496    .bss                spi.o
    0x20000764        -       0x00000040   Zero   RW          539    .bss                tim.o
    0x200007a4        -       0x000000a0   Zero   RW          586    .bss                usart.o
    0x20000844        -       0x00000040   Zero   RW          795    .bss                stm32f4xx_hal_timebase_tim.o
    0x20000884        -       0x0000029c   Zero   RW          833    .bss                usb_device.o
    0x20000b20        -       0x00000200   Zero   RW          872    .bss                usbd_desc.o
    0x20000d20        -       0x00001000   Zero   RW          959    .bss                usbd_cdc_if.o
    0x20001d20        -       0x00000628   Zero   RW         1041    .bss                usbd_conf.o
    0x20002348        -       0x000000f0   Zero   RW         5846    .bss                tasks.o
    0x20002438        -       0x0000a000   Zero   RW         6530    .bss                heap_4.o
    0x2000c438        -       0x00000134   Zero   RW         7230    .bss                ins_task.o
    0x2000c56c        -       0x00000178   Zero   RW         7405    .bss                can_motor.o
    0x2000c6e4        -       0x00001004   Zero   RW         8182    .bss                bsp_usb.o
    0x2000d6e8        -       0x00000060   Zero   RW         8947    .bss                c_w.l(libspace.o)
    0x2000d748        -       0x00000200   Zero   RW            2    HEAP                startup_stm32f407xx.o
    0x2000d948        -       0x00000400   Zero   RW            1    STACK               startup_stm32f407xx.o


    Execution Region RW_IRAM2 (Exec base: 0x2001c000, Load base: 0x08010b54, Size: 0x00000000, Max: 0x00004000, ABSOLUTE)

    **** No section assigned to this execution region ****


==============================================================================

Image component sizes


      Code (inc. data)   RO Data    RW Data    ZI Data      Debug   Object Name

       168          4          0          0          0       5200   ahrs_middleware.o
      2338         40         18         44          0      10779   bmi088driver.o
       140         28          0          0          0       4612   bmi088middleware.o
        92          8          0          0          0        586   bsp_can.o
       128         20          0          8          0       1316   bsp_delay.o
     10428        170          0          0          0       5646   bsp_spi.o
        40          4          0          0       4100       2110   bsp_usb.o
       488         44          0          4         80       2430   can.o
      1798        250          0         92        376       9208   can_motor.o
       182          0          0          0          0      22765   cmsis_os.o
       120          6          0          0          0        814   dma.o
         0          0          0          0          0      17876   event_groups.o
       208         40        192         24        596       2451   freertos.o
       448         24          0          0          0       1187   gpio.o
       692         62          0         24      40960       7307   heap_4.o
       260         30          0          0         84       1717   i2c.o
      3900        280        280        180        308      17777   ins_task.o
       148          6         12          0          0       1827   ist8310driver.o
       136         22          0          0          0       3831   ist8310driver_middleware.o
       148          0          0          0          0       3554   list.o
       270         16          0          0          0     762443   main.o
       668         12          0          0          0     572994   pid.o
      1014         92          0         12          0      12005   port.o
       506          6          0          0          0       5799   queue.o
       416         38          0          0        280       1923   spi.o
        64         26        392          0       1536        840   startup_stm32f407xx.o
       136         24          0          9          0       3866   stm32f4xx_hal.o
      2136          6          0          0          0      14263   stm32f4xx_hal_can.o
       252         22          0          0          0      33662   stm32f4xx_hal_cortex.o
      1034         16          8          0          0       3880   stm32f4xx_hal_dma.o
       552         50          0          0          0       2935   stm32f4xx_hal_gpio.o
      2772         46          0          0          0      11562   stm32f4xx_hal_i2c.o
        84          6          0          0          0        854   stm32f4xx_hal_msp.o
      3242         18          0          0          0      12861   stm32f4xx_hal_pcd.o
        90          0          0          0          0       2421   stm32f4xx_hal_pcd_ex.o
      1800         94          0          0          0       6161   stm32f4xx_hal_rcc.o
       970          8          0          0          0       4493   stm32f4xx_hal_spi.o
      1482         82          0          0          0      10812   stm32f4xx_hal_tim.o
         4          0          0          0          0       1561   stm32f4xx_hal_tim_ex.o
       160         20          0          0         64       1476   stm32f4xx_hal_timebase_tim.o
       986          8          0          0          0       1792   stm32f4xx_hal_uart.o
       166         38          0          0          0       9992   stm32f4xx_it.o
      3696        112          0          0          0      22554   stm32f4xx_ll_usb.o
         0          0          0          0          0        392   stream_buffer.o
       100         18         24          4          0       1171   system_stm32f4xx.o
      3082        362          0         60        240      23702   tasks.o
       276         30          0          0         64       2310   tim.o
       268         32          0          0        160       1785   usart.o
        76         16          0          0        668        772   usb_device.o
       964         24          0        271          0      13454   usbd_cdc.o
       212         28          0         16       4096       3636   usbd_cdc_if.o
      1004         24          0          0       1576      17548   usbd_conf.o
       886          0          0          0          0      12937   usbd_core.o
      1944         28          0          1          0      11040   usbd_ctlreq.o
       354         90          0         78        512       6829   usbd_desc.o
       174          0          0          0          0       4696   usbd_ioreq.o

    ----------------------------------------------------------------------
     53752       2430        960        836      55700    1724414   Object Totals
         0          0         32          0          0          0   (incl. Generated)
        50          0          2          9          0          0   (incl. Padding)

    ----------------------------------------------------------------------

      Code (inc. data)   RO Data    RW Data    ZI Data      Debug   Library Member Name

      2718         84         12         16          0       9922   ahrs.o
         0          0       2052          0          0       4636   arm_common_tables.o
       120         12          0          0          0      16970   arm_cos_f32.o
       116         12          0          0          0        658   arm_sin_f32.o
        90          0          0          0          0          0   __dczerorl2.o
         8          0          0          0          0         68   __main.o
         0          0          0          0          0          0   __rtentry.o
        12          0          0          0          0          0   __rtentry2.o
         6          0          0          0          0          0   __rtentry4.o
        52          8          0          0          0          0   __scatter.o
        28          0          0          0          0          0   __scatter_zi.o
        48          4          0          0          0         84   _fptrap.o
        22          0          0          0          0        100   _rserrno.o
        16          0          0          0          0         68   aeabi_memset.o
        10          0          0          0          0         68   defsig_exit.o
       172        110          0          0          0         76   defsig_fpe_inner.o
        14          0          0          0          0         80   defsig_fpe_outer.o
        50          0          0          0          0         88   defsig_general.o
        18          0          0          0          0         80   exit.o
         6          0          0          0          0        152   heapauxi.o
         0          0          0          0          0          0   indicate_semi.o
         2          0          0          0          0          0   libinit.o
         6          0          0          0          0          0   libinit2.o
         2          0          0          0          0          0   libshutdown.o
         2          0          0          0          0          0   libshutdown2.o
         8          4          0          0         96         68   libspace.o
       238          0          0          0          0        100   lludivv7m.o
         8          4          0          0          0         68   rt_errno_addr_intlibspace.o
        68          0          0          0          0         68   rt_memclr.o
        78          0          0          0          0         80   rt_memclr_w.o
       100          0          0          0          0         80   rt_memcpy_w.o
         2          0          0          0          0          0   rtexit.o
        10          0          0          0          0          0   rtexit2.o
        62          0          0          0          0         76   strlen.o
        12          4          0          0          0         68   sys_exit.o
        74          0          0          0          0         80   sys_stackheap_outer.o
        14          0          0          0          0         76   sys_wrch.o
         2          0          0          0          0         68   use_no_semi.o
       708         16          0          0          0        140   d2f_clz.o
      1256         28          0          0          0        408   daddsub_clz.o
       892        152          0          0          0        292   ddiv_clz.o
        46          0          0          0          0        116   dflt_clz.o
       448         16          0          0          0        164   dmul_clz.o
       258          4          0          0          0        156   dnaninf.o
       112          0          0          0          0        160   drenorm_clz.o
        12          0          0          0          0        116   dretinf.o
       378          0          0          0          0        168   dunder_clz.o
       492         36          0          0          0        148   except.o
        10          0          0          0          0        116   fpinit.o
        10          0          0          0          0        116   fretinf.o
       316          0          0          0          0        132   funder_clz.o
       178          0          0          0          0        116   retnan.o
       126          0          0          0          0        148   trapv.o
         0          0          0          0          0          0   usenofp.o
       300         42          0          0          0        176   asinf.o
       592         90          0          0          0        184   atan2f.o
        38          0          0          0          0        116   fpclassifyf.o
        44         12          0          0          0        464   funder.o
       340         24         32          0          0        160   rredf.o
       400         56          0          0          0        212   sinf.o
       120          0          0          0          0        272   sqrtf_full.o

    ----------------------------------------------------------------------
     11292        718       2096         16         96      37962   Library Totals
        22          0          0          0          0          0   (incl. Padding)

    ----------------------------------------------------------------------

      Code (inc. data)   RO Data    RW Data    ZI Data      Debug   Library Name

      2718         84         12         16          0       9922   AHRS.lib
       236         24       2052          0          0      22264   arm_cortexM4lf_math.lib
      1240        134          0          0         96       1696   c_w.l
      5242        252          0          0          0       2496   g_wm.l
      1834        224         32          0          0       1584   m_wm.l

    ----------------------------------------------------------------------
     11292        718       2096         16         96      37962   Library Totals

    ----------------------------------------------------------------------

==============================================================================


      Code (inc. data)   RO Data    RW Data    ZI Data      Debug   

     65044       3148       3056        852      55796    1722292   Grand Totals
     65044       3148       3056        336      55796    1722292   ELF Image Totals (compressed)
     65044       3148       3056        336          0          0   ROM Totals

==============================================================================

    Total RO  Size (Code + RO Data)                68100 (  66.50kB)
    Total RW  Size (RW Data + ZI Data)             56648 (  55.32kB)
    Total ROM Size (Code + RO Data + RW Data)      68436 (  66.83kB)

==============================================================================

